******************************************************************************
                  TI ARM Linker PC v5.2.5                      
******************************************************************************
>> Linked Thu Nov 05 23:39:41 2015

OUTPUT FILE NAME:   <lab9.out>
ENTRY POINT SYMBOL: "_c_int00"  address: 00000979


MEMORY CONFIGURATION

         name            origin    length      used     unused   attr    fill
----------------------  --------  ---------  --------  --------  ----  --------
  FLASH                 00000000   00040000  00000c4e  0003f3b2  R  X
  SRAM                  20000000   00008000  00001140  00006ec0  RW X


SEGMENT ALLOCATION MAP

run origin  load origin   length   init length attrs members
----------  ----------- ---------- ----------- ----- -------
00000000    00000000    00000c50   00000c50    r-x
  00000000    00000000    0000026c   0000026c    r-- .intvecs
  0000026c    0000026c    0000095a   0000095a    r-x .text
  00000bc8    00000bc8    00000028   00000028    r-- .const
  00000bf0    00000bf0    00000060   00000060    r-- .cinit
20000000    20000000    00001140   00000000    rw-
  20000000    20000000    00000fa0   00000000    rw- .bss
  20000fa0    20000fa0    0000013c   00000000    rw- .data
  200010dc    200010dc    00000064   00000000    rw- .stack


SECTION ALLOCATION MAP

 output                                  attributes/
section   page    origin      length       input sections
--------  ----  ----------  ----------   ----------------
.intvecs   0    00000000    0000026c     
                  00000000    0000026c     tm4c123gh6pm_startup_ccs.obj (.intvecs)

.text      0    0000026c    0000095a     
                  0000026c    0000016c     rtsv7M4_T_le_v4SPD16_eabi.lib : xfsin.obj (.text)
                  000003d8    00000160                                   : fmodf.obj (.text)
                  00000538    000000d0                                   : xfdscale.obj (.text)
                  00000608    0000009c                                   : memcpy_t2.obj (.text)
                  000006a4    00000086                                   : fd_cmp_t2.obj (.text:__aeabi_cdcmple)
                  0000072a    00000002     --HOLE-- [fill = 0]
                  0000072c    00000080     main.obj (.text)
                  000007ac    0000007a     rtsv7M4_T_le_v4SPD16_eabi.lib : memset_t2.obj (.text)
                  00000826    0000007a                                   : xfdnorm.obj (.text)
                  000008a0    0000006c                                   : autoinit.obj (.text)
                  0000090c    0000006a                                   : copy_decompress_rle.obj (.text)
                  00000976    00000002     --HOLE-- [fill = 0]
                  00000978    00000050                                   : boot.obj (.text)
                  000009c8    0000004c                                   : cpy_tbl.obj (.text)
                  00000a14    00000044                                   : exit.obj (.text)
                  00000a58    00000040                                   : signal.obj (.text)
                  00000a98    00000038                                   : fs_tod_t2.obj (.text)
                  00000ad0    00000034                                   : feraiseexcept.obj (.text)
                  00000b04    00000030                                   : xferaise.obj (.text)
                  00000b34    0000002e                                   : raise.obj (.text)
                  00000b62    00000002     --HOLE-- [fill = 0]
                  00000b64    00000018                                   : args_main.obj (.text)
                  00000b7c    00000014                                   : _lock.obj (.text)
                  00000b90    0000000e                                   : copy_decompress_none.obj (.text:decompress:none)
                  00000b9e    0000000c                                   : copy_zero_init.obj (.text:decompress:ZI)
                  00000baa    0000000c     tm4c123gh6pm_startup_ccs.obj (.text)
                  00000bb6    00000006     rtsv7M4_T_le_v4SPD16_eabi.lib : copy_decompress_rle.obj (.text:decompress:rle24)
                  00000bbc    00000006                                   : cosf.obj (.text)
                  00000bc2    00000004                                   : pre_init.obj (.text)

.const     0    00000bc8    00000028     
                  00000bc8    00000028     rtsv7M4_T_le_v4SPD16_eabi.lib : xfsin.obj (.const)

.cinit     0    00000bf0    00000060     
                  00000bf0    00000038     (.cinit..data.load) [load image, compression = rle]
                  00000c28    0000000c     (__TI_handler_table)
                  00000c34    00000004     --HOLE-- [fill = 0]
                  00000c38    00000008     (.cinit..bss.load) [load image, compression = zero_init]
                  00000c40    00000010     (__TI_cinit_table)

.init_array 
*          0    00000000    00000000     UNINITIALIZED

.bss       0    20000000    00000fa0     UNINITIALIZED
                  20000000    00000fa0     main.obj (.bss:gSeriesData)

.data      0    20000fa0    0000013c     UNINITIALIZED
                  20000fa0    000000b0     rtsv7M4_T_le_v4SPD16_eabi.lib : signal.obj (.data:sigtable)
                  20001050    00000068                                   : xfvalues.obj (.data)
                  200010b8    00000008                                   : _lock.obj (.data)
                  200010c0    00000008                                   : exit.obj (.data)
                  200010c8    00000008                                   : feraiseexcept.obj (.data)
                  200010d0    00000004     main.obj (.data)
                  200010d4    00000004     rtsv7M4_T_le_v4SPD16_eabi.lib : errno.obj (.data)
                  200010d8    00000004                                   : stkdepth_vars.obj (.data)

.TI.noinit 
*          0    20000000    00000000     UNINITIALIZED

.TI.persistent 
*          0    20000fa0    00000000     UNINITIALIZED

.stack     0    200010dc    00000064     UNINITIALIZED
                  200010dc    00000064     --HOLE--


LINKER GENERATED COPY TABLES

__TI_cinit_table @ 00000c40 records: 2, size/record: 8, table size: 16
	.data: load addr=00000bf0, load size=00000038 bytes, run addr=20000fa0, run size=0000013c bytes, compression=rle
	.bss: load addr=00000c38, load size=00000008 bytes, run addr=20000000, run size=00000fa0 bytes, compression=zero_init


LINKER GENERATED HANDLER TABLE

__TI_handler_table @ 00000c28 records: 3, size/record: 4, table size: 12
	index: 0, handler: __TI_decompress_rle24
	index: 1, handler: __TI_decompress_none
	index: 2, handler: __TI_zero_init


GLOBAL SYMBOLS: SORTED ALPHABETICALLY BY Name 

address   name                    
-------   ----                    
00000a15  C$$EXIT                 
00000bab  ResetISR                
UNDEFED   SHT$$INIT_ARRAY$$Base   
UNDEFED   SHT$$INIT_ARRAY$$Limit  
200010d4  _Errno                  
20001050  _FDenorm                
00000827  _FDnorm                 
00000539  _FDscale                
20001060  _FEps                   
20001070  _FInf                   
20001080  _FNan                   
200010a0  _FRteps                 
0000026d  _FSin                   
20001090  _FSnan                  
200010b0  _FXbig                  
200010b4  _FZero                  
200010c8  _Fenv                   
00000b05  _Feraise                
200010cc  _Tls_setup__Fenv        
20001140  __STACK_END             
00000064  __STACK_SIZE            
200012dc  __STACK_TOP             
00000c40  __TI_CINIT_Base         
00000c50  __TI_CINIT_Limit        
00000c28  __TI_Handler_Table_Base 
00000c34  __TI_Handler_Table_Limit
000008a1  __TI_auto_init          
200010c0  __TI_cleanup_ptr        
00000b91  __TI_decompress_none    
00000bb7  __TI_decompress_rle24   
200010c4  __TI_dtors_ptr          
00000000  __TI_static_base__      
00000b9f  __TI_zero_init          
000006a5  __aeabi_cdcmpeq         
000006a5  __aeabi_cdcmple         
00000a99  __aeabi_f2d             
000007ad  __aeabi_memclr          
000007ad  __aeabi_memclr4         
000007ad  __aeabi_memclr8         
00000609  __aeabi_memcpy          
00000609  __aeabi_memcpy4         
00000609  __aeabi_memcpy8         
000007af  __aeabi_memset          
000007af  __aeabi_memset4         
000007af  __aeabi_memset8         
ffffffff  __binit__               
ffffffff  __c_args__              
200010dc  __stack                 
00000b65  _args_main              
00000979  _c_int00                
200010b8  _lock                   
00000b8b  _nop                    
00000b83  _register_lock          
00000b7d  _register_unlock        
00000bc3  _system_pre_init        
200010bc  _unlock                 
00000a19  abort                   
ffffffff  binit                   
000009c9  copy_in                 
00000bbd  cosf                    
00000a21  exit                    
00000ad1  feraiseexcept           
000003d9  fmodf                   
20000000  gSeriesData             
00000000  g_pfnVectors            
200010d0  i32DataCount            
0000072d  main                    
200010d8  main_func_sp            
00000609  memcpy                  
000007b5  memset                  
00000b35  raise                   
00000a59  signal                  


GLOBAL SYMBOLS: SORTED BY Symbol Address 

address   name                    
-------   ----                    
00000000  __TI_static_base__      
00000000  g_pfnVectors            
00000064  __STACK_SIZE            
0000026d  _FSin                   
000003d9  fmodf                   
00000539  _FDscale                
00000609  __aeabi_memcpy          
00000609  __aeabi_memcpy4         
00000609  __aeabi_memcpy8         
00000609  memcpy                  
000006a5  __aeabi_cdcmpeq         
000006a5  __aeabi_cdcmple         
0000072d  main                    
000007ad  __aeabi_memclr          
000007ad  __aeabi_memclr4         
000007ad  __aeabi_memclr8         
000007af  __aeabi_memset          
000007af  __aeabi_memset4         
000007af  __aeabi_memset8         
000007b5  memset                  
00000827  _FDnorm                 
000008a1  __TI_auto_init          
00000979  _c_int00                
000009c9  copy_in                 
00000a15  C$$EXIT                 
00000a19  abort                   
00000a21  exit                    
00000a59  signal                  
00000a99  __aeabi_f2d             
00000ad1  feraiseexcept           
00000b05  _Feraise                
00000b35  raise                   
00000b65  _args_main              
00000b7d  _register_unlock        
00000b83  _register_lock          
00000b8b  _nop                    
00000b91  __TI_decompress_none    
00000b9f  __TI_zero_init          
00000bab  ResetISR                
00000bb7  __TI_decompress_rle24   
00000bbd  cosf                    
00000bc3  _system_pre_init        
00000c28  __TI_Handler_Table_Base 
00000c34  __TI_Handler_Table_Limit
00000c40  __TI_CINIT_Base         
00000c50  __TI_CINIT_Limit        
20000000  gSeriesData             
20001050  _FDenorm                
20001060  _FEps                   
20001070  _FInf                   
20001080  _FNan                   
20001090  _FSnan                  
200010a0  _FRteps                 
200010b0  _FXbig                  
200010b4  _FZero                  
200010b8  _lock                   
200010bc  _unlock                 
200010c0  __TI_cleanup_ptr        
200010c4  __TI_dtors_ptr          
200010c8  _Fenv                   
200010cc  _Tls_setup__Fenv        
200010d0  i32DataCount            
200010d4  _Errno                  
200010d8  main_func_sp            
200010dc  __stack                 
20001140  __STACK_END             
200012dc  __STACK_TOP             
ffffffff  __binit__               
ffffffff  __c_args__              
ffffffff  binit                   
UNDEFED   SHT$$INIT_ARRAY$$Base   
UNDEFED   SHT$$INIT_ARRAY$$Limit  

[72 symbols]
