******************************************************************************
                  TI ARM Linker PC v5.2.5                      
******************************************************************************
>> Linked Sun Nov 01 17:23:07 2015

OUTPUT FILE NAME:   <mpu_fault.out>
ENTRY POINT SYMBOL: "_c_int00"  address: 00000971


MEMORY CONFIGURATION

         name            origin    length      used     unused   attr    fill
----------------------  --------  ---------  --------  --------  ----  --------
  FLASH                 00000000   00040000  00000bfa  0003f406  R  X
  SRAM                  20000000   00008000  0000012c  00007ed4  RW X


SEGMENT ALLOCATION MAP

run origin  load origin   length   init length attrs members
----------  ----------- ---------- ----------- ----- -------
00000000    00000000    00000c00   00000c00    r-x
  00000000    00000000    0000026c   0000026c    r-- .intvecs
  0000026c    0000026c    00000928   00000928    r-x .text
  00000b94    00000b94    0000002e   0000002e    r-- .const
  00000bc8    00000bc8    00000038   00000038    r-- .cinit
20000000    20000000    0000012c   00000000    rw-
  20000000    20000000    00000100   00000000    rw- .stack
  20000100    20000100    0000001c   00000000    rw- .data
  2000011c    2000011c    00000010   00000000    rw- .bss


SECTION ALLOCATION MAP

 output                                  attributes/
section   page    origin      length       input sections
--------  ----  ----------  ----------   ----------------
.intvecs   0    00000000    0000026c     
                  00000000    0000026c     startup_ccs.obj (.intvecs)

.text      0    0000026c    00000928     
                  0000026c    00000268     mpu_fault.obj (.text:main)
                  000004d4    000001ea     uartstdio.obj (.text:UARTvprintf)
                  000006be    0000009c     rtsv7M4_T_le_v4SPD16_eabi.lib : memcpy_t2.obj (.text)
                  0000075a    0000007a                                   : memset_t2.obj (.text)
                  000007d4    0000006c                                   : autoinit.obj (.text)
                  00000840    0000006a                                   : copy_decompress_rle.obj (.text)
                  000008aa    00000002     startup_ccs.obj (.text:FaultISR)
                  000008ac    00000064     mpu_fault.obj (.text:ConfigureUART)
                  00000910    00000060     uartstdio.obj (.text:UARTStdioConfig)
                  00000970    00000050     rtsv7M4_T_le_v4SPD16_eabi.lib : boot.obj (.text)
                  000009c0    0000004c                                   : cpy_tbl.obj (.text)
                  00000a0c    00000048     uartstdio.obj (.text:UARTwrite)
                  00000a54    00000044     rtsv7M4_T_le_v4SPD16_eabi.lib : exit.obj (.text)
                  00000a98    00000040     mpu_fault.obj (.text:MPUFaultHandler)
                  00000ad8    00000040     rtsv7M4_T_le_v4SPD16_eabi.lib : u_divt2.obj (.text)
                  00000b18    0000001a     uartstdio.obj (.text:UARTprintf)
                  00000b32    00000002     startup_ccs.obj (.text:IntDefaultHandler)
                  00000b34    00000018     rtsv7M4_T_le_v4SPD16_eabi.lib : args_main.obj (.text)
                  00000b4c    00000014                                   : _lock.obj (.text)
                  00000b60    0000000e                                   : copy_decompress_none.obj (.text:decompress:none)
                  00000b6e    0000000c                                   : copy_zero_init.obj (.text:decompress:ZI)
                  00000b7a    00000006     startup_ccs.obj (.text:ResetISR)
                  00000b80    00000006     driverlib.lib : uart.obj (.text:UARTClockSourceSet)
                  00000b86    00000006     rtsv7M4_T_le_v4SPD16_eabi.lib : copy_decompress_rle.obj (.text:decompress:rle24)
                  00000b8c    00000004                                   : pre_init.obj (.text)
                  00000b90    00000002     startup_ccs.obj (.text:NmiSR)
                  00000b92    00000002     rtsv7M4_T_le_v4SPD16_eabi.lib : i_div0.obj (.text)

.const     0    00000b94    0000002e     
                  00000b94    0000001c     uartstdio.obj (.const)
                  00000bb0    00000012     uartstdio.obj (.const:.string)

.cinit     0    00000bc8    00000038     
                  00000bc8    0000000f     (.cinit..data.load) [load image, compression = rle]
                  00000bd7    00000001     --HOLE-- [fill = 0]
                  00000bd8    0000000c     (__TI_handler_table)
                  00000be4    00000004     --HOLE-- [fill = 0]
                  00000be8    00000008     (.cinit..bss.load) [load image, compression = zero_init]
                  00000bf0    00000010     (__TI_cinit_table)

.init_array 
*          0    00000000    00000000     UNINITIALIZED

.stack     0    20000000    00000100     UNINITIALIZED
                  20000000    00000100     --HOLE--

.data      0    20000100    0000001c     UNINITIALIZED
                  20000100    00000008     rtsv7M4_T_le_v4SPD16_eabi.lib : _lock.obj (.data)
                  20000108    00000008                                   : exit.obj (.data)
                  20000110    00000005     uartstdio.obj (.data)
                  20000115    00000003     --HOLE--
                  20000118    00000004     rtsv7M4_T_le_v4SPD16_eabi.lib : stkdepth_vars.obj (.data)

.bss       0    2000011c    00000010     UNINITIALIZED
                  2000011c    00000004     (.common:g_ui32FaultStatus)
                  20000120    00000004     (.common:g_ui32MMAR)
                  20000124    00000004     (.common:g_ui32MPUFaultCount)
                  20000128    00000004     (.common:g_ui32Value)

.TI.persistent 
*          0    20000100    00000000     UNINITIALIZED

.TI.noinit 
*          0    2000011c    00000000     UNINITIALIZED


LINKER GENERATED COPY TABLES

__TI_cinit_table @ 00000bf0 records: 2, size/record: 8, table size: 16
	.data: load addr=00000bc8, load size=0000000f bytes, run addr=20000100, run size=0000001c bytes, compression=rle
	.bss: load addr=00000be8, load size=00000008 bytes, run addr=2000011c, run size=00000010 bytes, compression=zero_init


LINKER GENERATED HANDLER TABLE

__TI_handler_table @ 00000bd8 records: 3, size/record: 4, table size: 12
	index: 0, handler: __TI_decompress_rle24
	index: 1, handler: __TI_decompress_none
	index: 2, handler: __TI_zero_init


GLOBAL SYMBOLS: SORTED ALPHABETICALLY BY Name 

address   name                    
-------   ----                    
00000a55  C$$EXIT                 
000008ad  ConfigureUART           
00000a99  MPUFaultHandler         
00000b7b  ResetISR                
UNDEFED   SHT$$INIT_ARRAY$$Base   
UNDEFED   SHT$$INIT_ARRAY$$Limit  
00000b81  UARTClockSourceSet      
00000911  UARTStdioConfig         
00000b19  UARTprintf              
000004d5  UARTvprintf             
00000a0d  UARTwrite               
20000100  __STACK_END             
00000100  __STACK_SIZE            
20000100  __STACK_TOP             
00000bf0  __TI_CINIT_Base         
00000c00  __TI_CINIT_Limit        
00000bd8  __TI_Handler_Table_Base 
00000be4  __TI_Handler_Table_Limit
000007d5  __TI_auto_init          
20000108  __TI_cleanup_ptr        
00000b61  __TI_decompress_none    
00000b87  __TI_decompress_rle24   
2000010c  __TI_dtors_ptr          
00000000  __TI_static_base__      
00000b6f  __TI_zero_init          
00000b93  __aeabi_idiv0           
0000075b  __aeabi_memclr          
0000075b  __aeabi_memclr4         
0000075b  __aeabi_memclr8         
000006bf  __aeabi_memcpy          
000006bf  __aeabi_memcpy4         
000006bf  __aeabi_memcpy8         
0000075d  __aeabi_memset          
0000075d  __aeabi_memset4         
0000075d  __aeabi_memset8         
00000ad9  __aeabi_uidiv           
00000ad9  __aeabi_uidivmod        
ffffffff  __binit__               
ffffffff  __c_args__              
20000000  __stack                 
00000b35  _args_main              
00000971  _c_int00                
20000100  _lock                   
00000b5b  _nop                    
00000b53  _register_lock          
00000b4d  _register_unlock        
00000b8d  _system_pre_init        
20000104  _unlock                 
00000a59  abort                   
ffffffff  binit                   
000009c1  copy_in                 
00000a61  exit                    
00000000  g_pfnVectors            
0000026d  main                    
20000118  main_func_sp            
000006bf  memcpy                  
00000763  memset                  


GLOBAL SYMBOLS: SORTED BY Symbol Address 

address   name                    
-------   ----                    
00000000  __TI_static_base__      
00000000  g_pfnVectors            
00000100  __STACK_SIZE            
0000026d  main                    
000004d5  UARTvprintf             
000006bf  __aeabi_memcpy          
000006bf  __aeabi_memcpy4         
000006bf  __aeabi_memcpy8         
000006bf  memcpy                  
0000075b  __aeabi_memclr          
0000075b  __aeabi_memclr4         
0000075b  __aeabi_memclr8         
0000075d  __aeabi_memset          
0000075d  __aeabi_memset4         
0000075d  __aeabi_memset8         
00000763  memset                  
000007d5  __TI_auto_init          
000008ad  ConfigureUART           
00000911  UARTStdioConfig         
00000971  _c_int00                
000009c1  copy_in                 
00000a0d  UARTwrite               
00000a55  C$$EXIT                 
00000a59  abort                   
00000a61  exit                    
00000a99  MPUFaultHandler         
00000ad9  __aeabi_uidiv           
00000ad9  __aeabi_uidivmod        
00000b19  UARTprintf              
00000b35  _args_main              
00000b4d  _register_unlock        
00000b53  _register_lock          
00000b5b  _nop                    
00000b61  __TI_decompress_none    
00000b6f  __TI_zero_init          
00000b7b  ResetISR                
00000b81  UARTClockSourceSet      
00000b87  __TI_decompress_rle24   
00000b8d  _system_pre_init        
00000b93  __aeabi_idiv0           
00000bd8  __TI_Handler_Table_Base 
00000be4  __TI_Handler_Table_Limit
00000bf0  __TI_CINIT_Base         
00000c00  __TI_CINIT_Limit        
20000000  __stack                 
20000100  __STACK_END             
20000100  __STACK_TOP             
20000100  _lock                   
20000104  _unlock                 
20000108  __TI_cleanup_ptr        
2000010c  __TI_dtors_ptr          
20000118  main_func_sp            
ffffffff  __binit__               
ffffffff  __c_args__              
ffffffff  binit                   
UNDEFED   SHT$$INIT_ARRAY$$Base   
UNDEFED   SHT$$INIT_ARRAY$$Limit  

[57 symbols]
