******************************************************************************
                  TI ARM Linker PC v5.2.5                      
******************************************************************************
>> Linked Mon Oct 26 00:42:34 2015

OUTPUT FILE NAME:   <lab5.out>
ENTRY POINT SYMBOL: "_c_int00"  address: 00000785


MEMORY CONFIGURATION

         name            origin    length      used     unused   attr    fill
----------------------  --------  ---------  --------  --------  ----  --------
  FLASH                 00000000   00040000  00000a34  0003f5cc  R  X
  SRAM                  20000000   00008000  00000078  00007f88  RW X


SEGMENT ALLOCATION MAP

run origin  load origin   length   init length attrs members
----------  ----------- ---------- ----------- ----- -------
00000000    00000000    00000a38   00000a38    r-x
  00000000    00000000    0000026c   0000026c    r-- .intvecs
  0000026c    0000026c    000006cc   000006cc    r-x .text
  00000938    00000938    000000dc   000000dc    r-- .const
  00000a18    00000a18    00000020   00000020    r-- .cinit
20000000    20000000    00000078   00000000    rw-
  20000000    20000000    00000064   00000000    rw- .stack
  20000064    20000064    00000014   00000000    rw- .data


SECTION ALLOCATION MAP

 output                                  attributes/
section   page    origin      length       input sections
--------  ----  ----------  ----------   ----------------
.intvecs   0    00000000    0000026c     
                  00000000    0000026c     tm4c123gh6pm_startup_ccs.obj (.intvecs)

.text      0    0000026c    000006cc     
                  0000026c    00000154     main.obj (.text)
                  000003c0    0000010c     driverlib.lib : sysctl.obj (.text:SysCtlClockGet)
                  000004cc    0000009c     rtsv7M4_T_le_v4SPD16_eabi.lib : memcpy_t2.obj (.text)
                  00000568    0000007a                                   : memset_t2.obj (.text)
                  000005e2    00000002     --HOLE-- [fill = 0]
                  000005e4    0000006c                                   : autoinit.obj (.text)
                  00000650    0000006a                                   : copy_decompress_rle.obj (.text)
                  000006ba    00000002     --HOLE-- [fill = 0]
                  000006bc    00000068     driverlib.lib : interrupt.obj (.text:IntEnable)
                  00000724    00000060                   : timer.obj (.text:TimerConfigure)
                  00000784    00000050     rtsv7M4_T_le_v4SPD16_eabi.lib : boot.obj (.text)
                  000007d4    0000004c                                   : cpy_tbl.obj (.text)
                  00000820    00000044                                   : exit.obj (.text)
                  00000864    00000034     driverlib.lib : sysctl.obj (.text:SysCtlPeripheralEnable)
                  00000898    00000018     rtsv7M4_T_le_v4SPD16_eabi.lib : args_main.obj (.text)
                  000008b0    00000014                                   : _lock.obj (.text)
                  000008c4    00000012     driverlib.lib : timer.obj (.text:TimerLoadSet)
                  000008d6    00000010                   : interrupt.obj (.text:IntMasterEnable)
                  000008e6    0000000e                   : timer.obj (.text:TimerEnable)
                  000008f4    0000000e     rtsv7M4_T_le_v4SPD16_eabi.lib : copy_decompress_none.obj (.text:decompress:none)
                  00000902    0000000c     driverlib.lib : cpu.obj (.text:CPUcpsie)
                  0000090e    0000000c     tm4c123gh6pm_startup_ccs.obj (.text)
                  0000091a    00000008     driverlib.lib : timer.obj (.text:TimerIntEnable)
                  00000922    00000006                   : gpio.obj (.text:GPIOPinRead)
                  00000928    00000006                   : gpio.obj (.text:GPIOPinWrite)
                  0000092e    00000006     rtsv7M4_T_le_v4SPD16_eabi.lib : copy_decompress_rle.obj (.text:decompress:rle24)
                  00000934    00000004                                   : pre_init.obj (.text)

.const     0    00000938    000000dc     
                  00000938    00000070     driverlib.lib : interrupt.obj (.const)
                  000009a8    0000006c                   : sysctl.obj (.const:g_pui32Xtals)

.cinit     0    00000a18    00000020     
                  00000a18    0000000f     (.cinit..data.load) [load image, compression = rle]
                  00000a27    00000001     --HOLE-- [fill = 0]
                  00000a28    00000008     (__TI_handler_table)
                  00000a30    00000008     (__TI_cinit_table)

.init_array 
*          0    00000000    00000000     UNINITIALIZED

.stack     0    20000000    00000064     UNINITIALIZED
                  20000000    00000064     --HOLE--

.data      0    20000064    00000014     UNINITIALIZED
                  20000064    00000008     rtsv7M4_T_le_v4SPD16_eabi.lib : _lock.obj (.data)
                  2000006c    00000008                                   : exit.obj (.data)
                  20000074    00000004                                   : stkdepth_vars.obj (.data)

.TI.persistent 
*          0    20000064    00000000     UNINITIALIZED


LINKER GENERATED COPY TABLES

__TI_cinit_table @ 00000a30 records: 1, size/record: 8, table size: 8
	.data: load addr=00000a18, load size=0000000f bytes, run addr=20000064, run size=00000014 bytes, compression=rle


LINKER GENERATED HANDLER TABLE

__TI_handler_table @ 00000a28 records: 2, size/record: 4, table size: 8
	index: 0, handler: __TI_decompress_rle24
	index: 1, handler: __TI_decompress_none


GLOBAL SYMBOLS: SORTED ALPHABETICALLY BY Name 

address   name                    
-------   ----                    
00000821  C$$EXIT                 
00000903  CPUcpsie                
00000923  GPIOPinRead             
00000929  GPIOPinWrite            
000006bd  IntEnable               
000008d7  IntMasterEnable         
00000361  IntTimer0Handler        
0000090f  ResetISR                
UNDEFED   SHT$$INIT_ARRAY$$Base   
UNDEFED   SHT$$INIT_ARRAY$$Limit  
000003c1  SysCtlClockGet          
00000865  SysCtlPeripheralEnable  
00000725  TimerConfigure          
000008e7  TimerEnable             
0000091b  TimerIntEnable          
000008c5  TimerLoadSet            
20000064  __STACK_END             
00000064  __STACK_SIZE            
20000200  __STACK_TOP             
00000a30  __TI_CINIT_Base         
00000a38  __TI_CINIT_Limit        
00000a28  __TI_Handler_Table_Base 
00000a30  __TI_Handler_Table_Limit
000005e5  __TI_auto_init          
2000006c  __TI_cleanup_ptr        
000008f5  __TI_decompress_none    
0000092f  __TI_decompress_rle24   
20000070  __TI_dtors_ptr          
00000000  __TI_static_base__      
00000569  __aeabi_memclr          
00000569  __aeabi_memclr4         
00000569  __aeabi_memclr8         
000004cd  __aeabi_memcpy          
000004cd  __aeabi_memcpy4         
000004cd  __aeabi_memcpy8         
0000056b  __aeabi_memset          
0000056b  __aeabi_memset4         
0000056b  __aeabi_memset8         
ffffffff  __binit__               
ffffffff  __c_args__              
20000000  __stack                 
00000899  _args_main              
00000785  _c_int00                
20000064  _lock                   
000008bf  _nop                    
000008b7  _register_lock          
000008b1  _register_unlock        
00000935  _system_pre_init        
20000068  _unlock                 
00000825  abort                   
ffffffff  binit                   
000007d5  copy_in                 
0000082d  exit                    
00000000  g_pfnVectors            
00000279  main                    
20000074  main_func_sp            
000004cd  memcpy                  
00000571  memset                  
0000026d  void__error__           


GLOBAL SYMBOLS: SORTED BY Symbol Address 

address   name                    
-------   ----                    
00000000  __TI_static_base__      
00000000  g_pfnVectors            
00000064  __STACK_SIZE            
0000026d  void__error__           
00000279  main                    
00000361  IntTimer0Handler        
000003c1  SysCtlClockGet          
000004cd  __aeabi_memcpy          
000004cd  __aeabi_memcpy4         
000004cd  __aeabi_memcpy8         
000004cd  memcpy                  
00000569  __aeabi_memclr          
00000569  __aeabi_memclr4         
00000569  __aeabi_memclr8         
0000056b  __aeabi_memset          
0000056b  __aeabi_memset4         
0000056b  __aeabi_memset8         
00000571  memset                  
000005e5  __TI_auto_init          
000006bd  IntEnable               
00000725  TimerConfigure          
00000785  _c_int00                
000007d5  copy_in                 
00000821  C$$EXIT                 
00000825  abort                   
0000082d  exit                    
00000865  SysCtlPeripheralEnable  
00000899  _args_main              
000008b1  _register_unlock        
000008b7  _register_lock          
000008bf  _nop                    
000008c5  TimerLoadSet            
000008d7  IntMasterEnable         
000008e7  TimerEnable             
000008f5  __TI_decompress_none    
00000903  CPUcpsie                
0000090f  ResetISR                
0000091b  TimerIntEnable          
00000923  GPIOPinRead             
00000929  GPIOPinWrite            
0000092f  __TI_decompress_rle24   
00000935  _system_pre_init        
00000a28  __TI_Handler_Table_Base 
00000a30  __TI_CINIT_Base         
00000a30  __TI_Handler_Table_Limit
00000a38  __TI_CINIT_Limit        
20000000  __stack                 
20000064  __STACK_END             
20000064  _lock                   
20000068  _unlock                 
2000006c  __TI_cleanup_ptr        
20000070  __TI_dtors_ptr          
20000074  main_func_sp            
20000200  __STACK_TOP             
ffffffff  __binit__               
ffffffff  __c_args__              
ffffffff  binit                   
UNDEFED   SHT$$INIT_ARRAY$$Base   
UNDEFED   SHT$$INIT_ARRAY$$Limit  

[59 symbols]
