******************************************************************************
                  TI ARM Linker PC v5.2.5                      
******************************************************************************
>> Linked Fri Oct 23 21:45:49 2015

OUTPUT FILE NAME:   <lab5.out>
ENTRY POINT SYMBOL: "_c_int00"  address: 0000080d


MEMORY CONFIGURATION

         name            origin    length      used     unused   attr    fill
----------------------  --------  ---------  --------  --------  ----  --------
  FLASH                 00000000   00040000  00000ad0  0003f530  R  X
  SRAM                  20000000   00008000  00000078  00007f88  RW X


SEGMENT ALLOCATION MAP

run origin  load origin   length   init length attrs members
----------  ----------- ---------- ----------- ----- -------
00000000    00000000    00000ad0   00000ad0    r-x
  00000000    00000000    0000026c   0000026c    r-- .intvecs
  0000026c    0000026c    00000768   00000768    r-x .text
  000009d4    000009d4    000000dc   000000dc    r-- .const
  00000ab0    00000ab0    00000020   00000020    r-- .cinit
20000000    20000000    00000078   00000000    rw-
  20000000    20000000    00000064   00000000    rw- .stack
  20000064    20000064    00000014   00000000    rw- .data


SECTION ALLOCATION MAP

 output                                  attributes/
section   page    origin      length       input sections
--------  ----  ----------  ----------   ----------------
.intvecs   0    00000000    0000026c     
                  00000000    0000026c     tm4c123gh6pm_startup_ccs.obj (.intvecs)

.text      0    0000026c    00000768     
                  0000026c    000001dc     main.obj (.text)
                  00000448    0000010c     driverlib.lib : sysctl.obj (.text:SysCtlClockGet)
                  00000554    0000009c     rtsv7M4_T_le_v4SPD16_eabi.lib : memcpy_t2.obj (.text)
                  000005f0    0000007a                                   : memset_t2.obj (.text)
                  0000066a    00000002     --HOLE-- [fill = 0]
                  0000066c    0000006c                                   : autoinit.obj (.text)
                  000006d8    0000006a                                   : copy_decompress_rle.obj (.text)
                  00000742    00000002     --HOLE-- [fill = 0]
                  00000744    00000068     driverlib.lib : interrupt.obj (.text:IntEnable)
                  000007ac    00000060                   : timer.obj (.text:TimerConfigure)
                  0000080c    00000050     rtsv7M4_T_le_v4SPD16_eabi.lib : boot.obj (.text)
                  0000085c    0000004c                                   : cpy_tbl.obj (.text)
                  000008a8    00000044                                   : exit.obj (.text)
                  000008ec    00000034     driverlib.lib : sysctl.obj (.text:SysCtlPeripheralEnable)
                  00000920    0000001e                   : adc.obj (.text:ADCSequenceDataGet)
                  0000093e    00000002     --HOLE-- [fill = 0]
                  00000940    00000018     rtsv7M4_T_le_v4SPD16_eabi.lib : args_main.obj (.text)
                  00000958    00000014                                   : _lock.obj (.text)
                  0000096c    00000012     driverlib.lib : timer.obj (.text:TimerLoadSet)
                  0000097e    00000010                   : interrupt.obj (.text:IntMasterEnable)
                  0000098e    0000000e                   : timer.obj (.text:TimerEnable)
                  0000099c    0000000e     rtsv7M4_T_le_v4SPD16_eabi.lib : copy_decompress_none.obj (.text:decompress:none)
                  000009aa    0000000c     driverlib.lib : cpu.obj (.text:CPUcpsie)
                  000009b6    0000000c     tm4c123gh6pm_startup_ccs.obj (.text)
                  000009c2    00000008     driverlib.lib : timer.obj (.text:TimerIntEnable)
                  000009ca    00000006     rtsv7M4_T_le_v4SPD16_eabi.lib : copy_decompress_rle.obj (.text:decompress:rle24)
                  000009d0    00000004                                   : pre_init.obj (.text)

.const     0    000009d4    000000dc     
                  000009d4    00000070     driverlib.lib : interrupt.obj (.const)
                  00000a44    0000006c                   : sysctl.obj (.const:g_pui32Xtals)

.cinit     0    00000ab0    00000020     
                  00000ab0    0000000f     (.cinit..data.load) [load image, compression = rle]
                  00000abf    00000001     --HOLE-- [fill = 0]
                  00000ac0    00000008     (__TI_handler_table)
                  00000ac8    00000008     (__TI_cinit_table)

.init_array 
*          0    00000000    00000000     UNINITIALIZED

.stack     0    20000000    00000064     UNINITIALIZED
                  20000000    00000064     --HOLE--

.data      0    20000064    00000014     UNINITIALIZED
                  20000064    00000008     rtsv7M4_T_le_v4SPD16_eabi.lib : _lock.obj (.data)
                  2000006c    00000008                                   : exit.obj (.data)
                  20000074    00000004                                   : stkdepth_vars.obj (.data)

.TI.persistent 
*          0    20000064    00000000     UNINITIALIZED


LINKER GENERATED COPY TABLES

__TI_cinit_table @ 00000ac8 records: 1, size/record: 8, table size: 8
	.data: load addr=00000ab0, load size=0000000f bytes, run addr=20000064, run size=00000014 bytes, compression=rle


LINKER GENERATED HANDLER TABLE

__TI_handler_table @ 00000ac0 records: 2, size/record: 4, table size: 8
	index: 0, handler: __TI_decompress_rle24
	index: 1, handler: __TI_decompress_none


GLOBAL SYMBOLS: SORTED ALPHABETICALLY BY Name 

address   name                    
-------   ----                    
00000921  ADCSequenceDataGet      
000008a9  C$$EXIT                 
000009ab  CPUcpsie                
00000745  IntEnable               
0000097f  IntMasterEnable         
00000365  IntTimer0Handler        
000009b7  ResetISR                
UNDEFED   SHT$$INIT_ARRAY$$Base   
UNDEFED   SHT$$INIT_ARRAY$$Limit  
00000449  SysCtlClockGet          
000008ed  SysCtlPeripheralEnable  
000007ad  TimerConfigure          
0000098f  TimerEnable             
000009c3  TimerIntEnable          
0000096d  TimerLoadSet            
20000064  __STACK_END             
00000064  __STACK_SIZE            
20000200  __STACK_TOP             
00000ac8  __TI_CINIT_Base         
00000ad0  __TI_CINIT_Limit        
00000ac0  __TI_Handler_Table_Base 
00000ac8  __TI_Handler_Table_Limit
0000066d  __TI_auto_init          
2000006c  __TI_cleanup_ptr        
0000099d  __TI_decompress_none    
000009cb  __TI_decompress_rle24   
20000070  __TI_dtors_ptr          
00000000  __TI_static_base__      
000005f1  __aeabi_memclr          
000005f1  __aeabi_memclr4         
000005f1  __aeabi_memclr8         
00000555  __aeabi_memcpy          
00000555  __aeabi_memcpy4         
00000555  __aeabi_memcpy8         
000005f3  __aeabi_memset          
000005f3  __aeabi_memset4         
000005f3  __aeabi_memset8         
ffffffff  __binit__               
ffffffff  __c_args__              
20000000  __stack                 
00000941  _args_main              
0000080d  _c_int00                
20000064  _lock                   
00000967  _nop                    
0000095f  _register_lock          
00000959  _register_unlock        
000009d1  _system_pre_init        
20000068  _unlock                 
000008ad  abort                   
ffffffff  binit                   
0000085d  copy_in                 
000008b5  exit                    
00000000  g_pfnVectors            
00000279  main                    
20000074  main_func_sp            
00000555  memcpy                  
000005f9  memset                  
0000026d  void__error__           


GLOBAL SYMBOLS: SORTED BY Symbol Address 

address   name                    
-------   ----                    
00000000  __TI_static_base__      
00000000  g_pfnVectors            
00000064  __STACK_SIZE            
0000026d  void__error__           
00000279  main                    
00000365  IntTimer0Handler        
00000449  SysCtlClockGet          
00000555  __aeabi_memcpy          
00000555  __aeabi_memcpy4         
00000555  __aeabi_memcpy8         
00000555  memcpy                  
000005f1  __aeabi_memclr          
000005f1  __aeabi_memclr4         
000005f1  __aeabi_memclr8         
000005f3  __aeabi_memset          
000005f3  __aeabi_memset4         
000005f3  __aeabi_memset8         
000005f9  memset                  
0000066d  __TI_auto_init          
00000745  IntEnable               
000007ad  TimerConfigure          
0000080d  _c_int00                
0000085d  copy_in                 
000008a9  C$$EXIT                 
000008ad  abort                   
000008b5  exit                    
000008ed  SysCtlPeripheralEnable  
00000921  ADCSequenceDataGet      
00000941  _args_main              
00000959  _register_unlock        
0000095f  _register_lock          
00000967  _nop                    
0000096d  TimerLoadSet            
0000097f  IntMasterEnable         
0000098f  TimerEnable             
0000099d  __TI_decompress_none    
000009ab  CPUcpsie                
000009b7  ResetISR                
000009c3  TimerIntEnable          
000009cb  __TI_decompress_rle24   
000009d1  _system_pre_init        
00000ac0  __TI_Handler_Table_Base 
00000ac8  __TI_CINIT_Base         
00000ac8  __TI_Handler_Table_Limit
00000ad0  __TI_CINIT_Limit        
20000000  __stack                 
20000064  __STACK_END             
20000064  _lock                   
20000068  _unlock                 
2000006c  __TI_cleanup_ptr        
20000070  __TI_dtors_ptr          
20000074  main_func_sp            
20000200  __STACK_TOP             
ffffffff  __binit__               
ffffffff  __c_args__              
ffffffff  binit                   
UNDEFED   SHT$$INIT_ARRAY$$Base   
UNDEFED   SHT$$INIT_ARRAY$$Limit  

[58 symbols]
