******************************************************************************
                  TI ARM Linker PC v5.2.5                      
******************************************************************************
>> Linked Fri Oct 16 20:36:01 2015

OUTPUT FILE NAME:   <lab4.out>
ENTRY POINT SYMBOL: "_c_int00"  address: 000009a9


MEMORY CONFIGURATION

         name            origin    length      used     unused   attr    fill
----------------------  --------  ---------  --------  --------  ----  --------
  FLASH                 00000000   00040000  00000cca  0003f336  R  X
  SRAM                  20000000   00008000  00000078  00007f88  RW X


SEGMENT ALLOCATION MAP

run origin  load origin   length   init length attrs members
----------  ----------- ---------- ----------- ----- -------
00000000    00000000    00000cd0   00000cd0    r-x
  00000000    00000000    0000026c   0000026c    r-- .intvecs
  0000026c    0000026c    00000962   00000962    r-x .text
  00000bd0    00000bd0    000000dc   000000dc    r-- .const
  00000cb0    00000cb0    00000020   00000020    r-- .cinit
20000000    20000000    00000078   00000000    rw-
  20000000    20000000    00000064   00000000    rw- .stack
  20000064    20000064    00000014   00000000    rw- .data


SECTION ALLOCATION MAP

 output                                  attributes/
section   page    origin      length       input sections
--------  ----  ----------  ----------   ----------------
.intvecs   0    00000000    0000026c     
                  00000000    0000026c     tm4c123gh6pm_startup_ccs.obj (.intvecs)

.text      0    0000026c    00000962     
                  0000026c    00000130     driverlib.lib : gpio.obj (.text:GPIOPadConfigSet)
                  0000039c    0000010c                   : sysctl.obj (.text:SysCtlClockGet)
                  000004a8    00000100     main.obj (.text)
                  000005a8    000000f0     driverlib.lib : sysctl.obj (.text:SysCtlClockSet)
                  00000698    0000009c     rtsv7M4_T_le_v4SPD16_eabi.lib : memcpy_t2.obj (.text)
                  00000734    0000007a                                   : memset_t2.obj (.text)
                  000007ae    00000002     --HOLE-- [fill = 0]
                  000007b0    0000006c                                   : autoinit.obj (.text)
                  0000081c    0000006a                                   : copy_decompress_rle.obj (.text)
                  00000886    00000002     --HOLE-- [fill = 0]
                  00000888    00000068     driverlib.lib : interrupt.obj (.text:IntEnable)
                  000008f0    00000060                   : timer.obj (.text:TimerConfigure)
                  00000950    00000056                   : gpio.obj (.text:GPIOIntTypeSet)
                  000009a6    00000002     --HOLE-- [fill = 0]
                  000009a8    00000050     rtsv7M4_T_le_v4SPD16_eabi.lib : boot.obj (.text)
                  000009f8    0000004c                                   : cpy_tbl.obj (.text)
                  00000a44    00000044                                   : exit.obj (.text)
                  00000a88    00000034     driverlib.lib : sysctl.obj (.text:SysCtlPeripheralEnable)
                  00000abc    0000002a                   : gpio.obj (.text:GPIODirModeSet)
                  00000ae6    00000018                   : gpio.obj (.text:GPIOPinTypeGPIOOutput)
                  00000afe    00000002     --HOLE-- [fill = 0]
                  00000b00    00000018     rtsv7M4_T_le_v4SPD16_eabi.lib : args_main.obj (.text)
                  00000b18    00000014                                   : _lock.obj (.text)
                  00000b2c    00000012     driverlib.lib : gpio.obj (.text:GPIOPinTypeGPIOInput)
                  00000b3e    00000012                   : timer.obj (.text:TimerLoadSet)
                  00000b50    00000010                   : interrupt.obj (.text:IntMasterEnable)
                  00000b60    0000000e                   : timer.obj (.text:TimerEnable)
                  00000b6e    0000000e     rtsv7M4_T_le_v4SPD16_eabi.lib : copy_decompress_none.obj (.text:decompress:none)
                  00000b7c    0000000c     driverlib.lib : cpu.obj (.text:CPUcpsie)
                  00000b88    0000000c                   : gpio.obj (.text:GPIOIntEnable)
                  00000b94    0000000c     tm4c123gh6pm_startup_ccs.obj (.text)
                  00000ba0    00000008     driverlib.lib : timer.obj (.text:TimerIntEnable)
                  00000ba8    00000006                   : gpio.obj (.text:GPIOIntClear)
                  00000bae    00000006                   : gpio.obj (.text:GPIOPinRead)
                  00000bb4    00000006                   : gpio.obj (.text:GPIOPinWrite)
                  00000bba    00000006                   : sysctl.obj (.text:SysCtlDelay)
                  00000bc0    00000006     rtsv7M4_T_le_v4SPD16_eabi.lib : copy_decompress_rle.obj (.text:decompress:rle24)
                  00000bc6    00000004     driverlib.lib : timer.obj (.text:TimerIntClear)
                  00000bca    00000004     rtsv7M4_T_le_v4SPD16_eabi.lib : pre_init.obj (.text)

.const     0    00000bd0    000000dc     
                  00000bd0    00000070     driverlib.lib : interrupt.obj (.const)
                  00000c40    0000006c                   : sysctl.obj (.const:g_pui32Xtals)

.cinit     0    00000cb0    00000020     
                  00000cb0    0000000f     (.cinit..data.load) [load image, compression = rle]
                  00000cbf    00000001     --HOLE-- [fill = 0]
                  00000cc0    00000008     (__TI_handler_table)
                  00000cc8    00000008     (__TI_cinit_table)

.init_array 
*          0    00000000    00000000     UNINITIALIZED

.stack     0    20000000    00000064     UNINITIALIZED
                  20000000    00000064     --HOLE--

.data      0    20000064    00000014     UNINITIALIZED
                  20000064    00000008     rtsv7M4_T_le_v4SPD16_eabi.lib : _lock.obj (.data)
                  2000006c    00000008                                   : exit.obj (.data)
                  20000074    00000004                                   : stkdepth_vars.obj (.data)

.TI.persistent 
*          0    20000064    00000000     UNINITIALIZED


LINKER GENERATED COPY TABLES

__TI_cinit_table @ 00000cc8 records: 1, size/record: 8, table size: 8
	.data: load addr=00000cb0, load size=0000000f bytes, run addr=20000064, run size=00000014 bytes, compression=rle


LINKER GENERATED HANDLER TABLE

__TI_handler_table @ 00000cc0 records: 2, size/record: 4, table size: 8
	index: 0, handler: __TI_decompress_rle24
	index: 1, handler: __TI_decompress_none


GLOBAL SYMBOLS: SORTED ALPHABETICALLY BY Name 

address   name                    
-------   ----                    
00000a45  C$$EXIT                 
00000b7d  CPUcpsie                
00000abd  GPIODirModeSet          
00000ba9  GPIOIntClear            
00000b89  GPIOIntEnable           
00000951  GPIOIntTypeSet          
0000026d  GPIOPadConfigSet        
00000baf  GPIOPinRead             
00000b2d  GPIOPinTypeGPIOInput    
00000ae7  GPIOPinTypeGPIOOutput   
00000bb5  GPIOPinWrite            
00000889  IntEnable               
00000b51  IntMasterEnable         
00000533  IntSwitch2Handler       
00000b95  ResetISR                
UNDEFED   SHT$$INIT_ARRAY$$Base   
UNDEFED   SHT$$INIT_ARRAY$$Limit  
0000039d  SysCtlClockGet          
000005a9  SysCtlClockSet          
00000bbb  SysCtlDelay             
00000a89  SysCtlPeripheralEnable  
00000559  Timer0IntHandler        
000008f1  TimerConfigure          
00000b61  TimerEnable             
00000bc7  TimerIntClear           
00000ba1  TimerIntEnable          
00000b3f  TimerLoadSet            
20000064  __STACK_END             
00000064  __STACK_SIZE            
20000200  __STACK_TOP             
00000cc8  __TI_CINIT_Base         
00000cd0  __TI_CINIT_Limit        
00000cc0  __TI_Handler_Table_Base 
00000cc8  __TI_Handler_Table_Limit
000007b1  __TI_auto_init          
2000006c  __TI_cleanup_ptr        
00000b6f  __TI_decompress_none    
00000bc1  __TI_decompress_rle24   
20000070  __TI_dtors_ptr          
00000000  __TI_static_base__      
00000735  __aeabi_memclr          
00000735  __aeabi_memclr4         
00000735  __aeabi_memclr8         
00000699  __aeabi_memcpy          
00000699  __aeabi_memcpy4         
00000699  __aeabi_memcpy8         
00000737  __aeabi_memset          
00000737  __aeabi_memset4         
00000737  __aeabi_memset8         
ffffffff  __binit__               
ffffffff  __c_args__              
20000000  __stack                 
00000b01  _args_main              
000009a9  _c_int00                
20000064  _lock                   
00000b27  _nop                    
00000b1f  _register_lock          
00000b19  _register_unlock        
00000bcb  _system_pre_init        
20000068  _unlock                 
00000a49  abort                   
ffffffff  binit                   
000009f9  copy_in                 
00000a51  exit                    
00000000  g_pfnVectors            
000004a9  main                    
20000074  main_func_sp            
00000699  memcpy                  
0000073d  memset                  


GLOBAL SYMBOLS: SORTED BY Symbol Address 

address   name                    
-------   ----                    
00000000  __TI_static_base__      
00000000  g_pfnVectors            
00000064  __STACK_SIZE            
0000026d  GPIOPadConfigSet        
0000039d  SysCtlClockGet          
000004a9  main                    
00000533  IntSwitch2Handler       
00000559  Timer0IntHandler        
000005a9  SysCtlClockSet          
00000699  __aeabi_memcpy          
00000699  __aeabi_memcpy4         
00000699  __aeabi_memcpy8         
00000699  memcpy                  
00000735  __aeabi_memclr          
00000735  __aeabi_memclr4         
00000735  __aeabi_memclr8         
00000737  __aeabi_memset          
00000737  __aeabi_memset4         
00000737  __aeabi_memset8         
0000073d  memset                  
000007b1  __TI_auto_init          
00000889  IntEnable               
000008f1  TimerConfigure          
00000951  GPIOIntTypeSet          
000009a9  _c_int00                
000009f9  copy_in                 
00000a45  C$$EXIT                 
00000a49  abort                   
00000a51  exit                    
00000a89  SysCtlPeripheralEnable  
00000abd  GPIODirModeSet          
00000ae7  GPIOPinTypeGPIOOutput   
00000b01  _args_main              
00000b19  _register_unlock        
00000b1f  _register_lock          
00000b27  _nop                    
00000b2d  GPIOPinTypeGPIOInput    
00000b3f  TimerLoadSet            
00000b51  IntMasterEnable         
00000b61  TimerEnable             
00000b6f  __TI_decompress_none    
00000b7d  CPUcpsie                
00000b89  GPIOIntEnable           
00000b95  ResetISR                
00000ba1  TimerIntEnable          
00000ba9  GPIOIntClear            
00000baf  GPIOPinRead             
00000bb5  GPIOPinWrite            
00000bbb  SysCtlDelay             
00000bc1  __TI_decompress_rle24   
00000bc7  TimerIntClear           
00000bcb  _system_pre_init        
00000cc0  __TI_Handler_Table_Base 
00000cc8  __TI_CINIT_Base         
00000cc8  __TI_Handler_Table_Limit
00000cd0  __TI_CINIT_Limit        
20000000  __stack                 
20000064  __STACK_END             
20000064  _lock                   
20000068  _unlock                 
2000006c  __TI_cleanup_ptr        
20000070  __TI_dtors_ptr          
20000074  main_func_sp            
20000200  __STACK_TOP             
ffffffff  __binit__               
ffffffff  __c_args__              
ffffffff  binit                   
UNDEFED   SHT$$INIT_ARRAY$$Base   
UNDEFED   SHT$$INIT_ARRAY$$Limit  

[69 symbols]
