******************************************************************************
                  TI ARM Linker PC v5.2.5                      
******************************************************************************
>> Linked Thu Nov 05 20:34:19 2015

OUTPUT FILE NAME:   <Lab10.out>
ENTRY POINT SYMBOL: "_c_int00"  address: 000008c5


MEMORY CONFIGURATION

         name            origin    length      used     unused   attr    fill
----------------------  --------  ---------  --------  --------  ----  --------
  FLASH                 00000000   00040000  00000c50  0003f3b0  R  X
  SRAM                  20000000   00008000  00000078  00007f88  RW X


SEGMENT ALLOCATION MAP

run origin  load origin   length   init length attrs members
----------  ----------- ---------- ----------- ----- -------
00000000    00000000    00000c50   00000c50    r-x
  00000000    00000000    0000026c   0000026c    r-- .intvecs
  0000026c    0000026c    000008c8   000008c8    r-x .text
  00000b34    00000b34    000000fc   000000fc    r-- .const
  00000c30    00000c30    00000020   00000020    r-- .cinit
20000000    20000000    00000078   00000000    rw-
  20000000    20000000    00000064   00000000    rw- .stack
  20000064    20000064    00000014   00000000    rw- .data


SECTION ALLOCATION MAP

 output                                  attributes/
section   page    origin      length       input sections
--------  ----  ----------  ----------   ----------------
.intvecs   0    00000000    0000026c     
                  00000000    0000026c     tm4c123gh6pm_startup_ccs.obj (.intvecs)

.text      0    0000026c    000008c8     
                  0000026c    0000013c     main.obj (.text)
                  000003a8    00000130     driverlib.lib : gpio.obj (.text:GPIOPadConfigSet)
                  000004d8    0000010c                   : sysctl.obj (.text:SysCtlClockGet)
                  000005e4    000000f0                   : sysctl.obj (.text:SysCtlClockSet)
                  000006d4    0000009c     rtsv7M4_T_le_v4SPD16_eabi.lib : memcpy_t2.obj (.text)
                  00000770    0000007a                                   : memset_t2.obj (.text)
                  000007ea    00000002     --HOLE-- [fill = 0]
                  000007ec    0000006c                                   : autoinit.obj (.text)
                  00000858    0000006a                                   : copy_decompress_rle.obj (.text)
                  000008c2    00000002     --HOLE-- [fill = 0]
                  000008c4    00000050                                   : boot.obj (.text)
                  00000914    0000004c                                   : cpy_tbl.obj (.text)
                  00000960    00000048     driverlib.lib : gpio.obj (.text:GPIOPinConfigure)
                  000009a8    00000048                   : i2c.obj (.text:I2CMasterInitExpClk)
                  000009f0    00000044     rtsv7M4_T_le_v4SPD16_eabi.lib : exit.obj (.text)
                  00000a34    00000034     driverlib.lib : sysctl.obj (.text:SysCtlPeripheralEnable)
                  00000a68    0000002a                   : gpio.obj (.text:GPIODirModeSet)
                  00000a92    00000018                   : gpio.obj (.text:GPIOPinTypeGPIOOutput)
                  00000aaa    00000002     --HOLE-- [fill = 0]
                  00000aac    00000018     rtsv7M4_T_le_v4SPD16_eabi.lib : args_main.obj (.text)
                  00000ac4    00000014                                   : _lock.obj (.text)
                  00000ad8    00000012     driverlib.lib : gpio.obj (.text:GPIOPinTypeI2C)
                  00000aea    0000000e     rtsv7M4_T_le_v4SPD16_eabi.lib : copy_decompress_none.obj (.text:decompress:none)
                  00000af8    0000000c     tm4c123gh6pm_startup_ccs.obj (.text)
                  00000b04    0000000a     driverlib.lib : i2c.obj (.text:I2CMasterEnable)
                  00000b0e    00000008                   : i2c.obj (.text:I2CMasterSlaveAddrSet)
                  00000b16    00000006                   : gpio.obj (.text:GPIOPinWrite)
                  00000b1c    00000006                   : sysctl.obj (.text:SysCtlDelay)
                  00000b22    00000006     rtsv7M4_T_le_v4SPD16_eabi.lib : copy_decompress_rle.obj (.text:decompress:rle24)
                  00000b28    00000004     driverlib.lib : i2c.obj (.text:I2CMasterControl)
                  00000b2c    00000004                   : i2c.obj (.text:I2CMasterDataGet)
                  00000b30    00000004     rtsv7M4_T_le_v4SPD16_eabi.lib : pre_init.obj (.text)

.const     0    00000b34    000000fc     
                  00000b34    00000090     driverlib.lib : gpio.obj (.const:g_pui32GPIOBaseAddrs)
                  00000bc4    0000006c                   : sysctl.obj (.const:g_pui32Xtals)

.cinit     0    00000c30    00000020     
                  00000c30    0000000f     (.cinit..data.load) [load image, compression = rle]
                  00000c3f    00000001     --HOLE-- [fill = 0]
                  00000c40    00000008     (__TI_handler_table)
                  00000c48    00000008     (__TI_cinit_table)

.init_array 
*          0    00000000    00000000     UNINITIALIZED

.stack     0    20000000    00000064     UNINITIALIZED
                  20000000    00000064     --HOLE--

.data      0    20000064    00000014     UNINITIALIZED
                  20000064    00000008     rtsv7M4_T_le_v4SPD16_eabi.lib : _lock.obj (.data)
                  2000006c    00000008                                   : exit.obj (.data)
                  20000074    00000004                                   : stkdepth_vars.obj (.data)

.TI.persistent 
*          0    20000064    00000000     UNINITIALIZED


LINKER GENERATED COPY TABLES

__TI_cinit_table @ 00000c48 records: 1, size/record: 8, table size: 8
	.data: load addr=00000c30, load size=0000000f bytes, run addr=20000064, run size=00000014 bytes, compression=rle


LINKER GENERATED HANDLER TABLE

__TI_handler_table @ 00000c40 records: 2, size/record: 4, table size: 8
	index: 0, handler: __TI_decompress_rle24
	index: 1, handler: __TI_decompress_none


GLOBAL SYMBOLS: SORTED ALPHABETICALLY BY Name 

address   name                    
-------   ----                    
000009f1  C$$EXIT                 
00000a69  GPIODirModeSet          
000003a9  GPIOPadConfigSet        
00000961  GPIOPinConfigure        
00000a93  GPIOPinTypeGPIOOutput   
00000ad9  GPIOPinTypeI2C          
00000b17  GPIOPinWrite            
00000b29  I2CMasterControl        
00000b2d  I2CMasterDataGet        
00000b05  I2CMasterEnable         
000009a9  I2CMasterInitExpClk     
00000b0f  I2CMasterSlaveAddrSet   
0000030b  Read_temp               
00000af9  ResetISR                
UNDEFED   SHT$$INIT_ARRAY$$Base   
UNDEFED   SHT$$INIT_ARRAY$$Limit  
000004d9  SysCtlClockGet          
000005e5  SysCtlClockSet          
00000b1d  SysCtlDelay             
00000a35  SysCtlPeripheralEnable  
20000064  __STACK_END             
00000064  __STACK_SIZE            
20000200  __STACK_TOP             
00000c48  __TI_CINIT_Base         
00000c50  __TI_CINIT_Limit        
00000c40  __TI_Handler_Table_Base 
00000c48  __TI_Handler_Table_Limit
000007ed  __TI_auto_init          
2000006c  __TI_cleanup_ptr        
00000aeb  __TI_decompress_none    
00000b23  __TI_decompress_rle24   
20000070  __TI_dtors_ptr          
00000000  __TI_static_base__      
00000771  __aeabi_memclr          
00000771  __aeabi_memclr4         
00000771  __aeabi_memclr8         
000006d5  __aeabi_memcpy          
000006d5  __aeabi_memcpy4         
000006d5  __aeabi_memcpy8         
00000773  __aeabi_memset          
00000773  __aeabi_memset4         
00000773  __aeabi_memset8         
ffffffff  __binit__               
ffffffff  __c_args__              
20000000  __stack                 
00000aad  _args_main              
000008c5  _c_int00                
20000064  _lock                   
00000ad3  _nop                    
00000acb  _register_lock          
00000ac5  _register_unlock        
00000b31  _system_pre_init        
20000068  _unlock                 
000009f5  abort                   
ffffffff  binit                   
00000915  copy_in                 
000009fd  exit                    
00000000  g_pfnVectors            
0000026d  main                    
20000074  main_func_sp            
000006d5  memcpy                  
00000779  memset                  


GLOBAL SYMBOLS: SORTED BY Symbol Address 

address   name                    
-------   ----                    
00000000  __TI_static_base__      
00000000  g_pfnVectors            
00000064  __STACK_SIZE            
0000026d  main                    
0000030b  Read_temp               
000003a9  GPIOPadConfigSet        
000004d9  SysCtlClockGet          
000005e5  SysCtlClockSet          
000006d5  __aeabi_memcpy          
000006d5  __aeabi_memcpy4         
000006d5  __aeabi_memcpy8         
000006d5  memcpy                  
00000771  __aeabi_memclr          
00000771  __aeabi_memclr4         
00000771  __aeabi_memclr8         
00000773  __aeabi_memset          
00000773  __aeabi_memset4         
00000773  __aeabi_memset8         
00000779  memset                  
000007ed  __TI_auto_init          
000008c5  _c_int00                
00000915  copy_in                 
00000961  GPIOPinConfigure        
000009a9  I2CMasterInitExpClk     
000009f1  C$$EXIT                 
000009f5  abort                   
000009fd  exit                    
00000a35  SysCtlPeripheralEnable  
00000a69  GPIODirModeSet          
00000a93  GPIOPinTypeGPIOOutput   
00000aad  _args_main              
00000ac5  _register_unlock        
00000acb  _register_lock          
00000ad3  _nop                    
00000ad9  GPIOPinTypeI2C          
00000aeb  __TI_decompress_none    
00000af9  ResetISR                
00000b05  I2CMasterEnable         
00000b0f  I2CMasterSlaveAddrSet   
00000b17  GPIOPinWrite            
00000b1d  SysCtlDelay             
00000b23  __TI_decompress_rle24   
00000b29  I2CMasterControl        
00000b2d  I2CMasterDataGet        
00000b31  _system_pre_init        
00000c40  __TI_Handler_Table_Base 
00000c48  __TI_CINIT_Base         
00000c48  __TI_Handler_Table_Limit
00000c50  __TI_CINIT_Limit        
20000000  __stack                 
20000064  __STACK_END             
20000064  _lock                   
20000068  _unlock                 
2000006c  __TI_cleanup_ptr        
20000070  __TI_dtors_ptr          
20000074  main_func_sp            
20000200  __STACK_TOP             
ffffffff  __binit__               
ffffffff  __c_args__              
ffffffff  binit                   
UNDEFED   SHT$$INIT_ARRAY$$Base   
UNDEFED   SHT$$INIT_ARRAY$$Limit  

[62 symbols]
