******************************************************************************
                  TI ARM Linker PC v5.2.5                      
******************************************************************************
>> Linked Mon Nov 09 21:17:36 2015

OUTPUT FILE NAME:   <Lab10.out>
ENTRY POINT SYMBOL: "_c_int00"  address: 0000095d


MEMORY CONFIGURATION

         name            origin    length      used     unused   attr    fill
----------------------  --------  ---------  --------  --------  ----  --------
  FLASH                 00000000   00040000  00000d94  0003f26c  R  X
  SRAM                  20000000   00008000  000000a8  00007f58  RW X


SEGMENT ALLOCATION MAP

run origin  load origin   length   init length attrs members
----------  ----------- ---------- ----------- ----- -------
00000000    00000000    00000d98   00000d98    r-x
  00000000    00000000    0000026c   0000026c    r-- .intvecs
  0000026c    0000026c    000009d2   000009d2    r-x .text
  00000c40    00000c40    00000106   00000106    r-- .const
  00000d48    00000d48    00000050   00000050    r-- .cinit
20000000    20000000    000000a8   00000000    rw-
  20000000    20000000    00000064   00000000    rw- .stack
  20000064    20000064    00000044   00000000    rw- .data


SECTION ALLOCATION MAP

 output                                  attributes/
section   page    origin      length       input sections
--------  ----  ----------  ----------   ----------------
.intvecs   0    00000000    0000026c     
                  00000000    0000026c     tm4c123gh6pm_startup_ccs.obj (.intvecs)

.text      0    0000026c    000009d2     
                  0000026c    000001d4     main.obj (.text)
                  00000440    00000130     driverlib.lib : gpio.obj (.text:GPIOPadConfigSet)
                  00000570    0000010c                   : sysctl.obj (.text:SysCtlClockGet)
                  0000067c    000000f0                   : sysctl.obj (.text:SysCtlClockSet)
                  0000076c    0000009c     rtsv7M4_T_le_v4SPD16_eabi.lib : memcpy_t2.obj (.text)
                  00000808    0000007a                                   : memset_t2.obj (.text)
                  00000882    00000002     --HOLE-- [fill = 0]
                  00000884    0000006c                                   : autoinit.obj (.text)
                  000008f0    0000006a                                   : copy_decompress_rle.obj (.text)
                  0000095a    00000002     --HOLE-- [fill = 0]
                  0000095c    00000050                                   : boot.obj (.text)
                  000009ac    0000004c                                   : cpy_tbl.obj (.text)
                  000009f8    00000048     driverlib.lib : gpio.obj (.text:GPIOPinConfigure)
                  00000a40    00000048                   : i2c.obj (.text:I2CMasterInitExpClk)
                  00000a88    00000044     rtsv7M4_T_le_v4SPD16_eabi.lib : exit.obj (.text)
                  00000acc    00000042     driverlib.lib : uart.obj (.text:UARTConfigSetExpClk)
                  00000b0e    00000002     --HOLE-- [fill = 0]
                  00000b10    00000034                   : sysctl.obj (.text:SysCtlPeripheralEnable)
                  00000b44    0000002a                   : gpio.obj (.text:GPIODirModeSet)
                  00000b6e    00000002     --HOLE-- [fill = 0]
                  00000b70    0000001c                   : uart.obj (.text:UARTDisable)
                  00000b8c    00000018     rtsv7M4_T_le_v4SPD16_eabi.lib : args_main.obj (.text)
                  00000ba4    00000014     driverlib.lib : uart.obj (.text:UARTEnable)
                  00000bb8    00000014     rtsv7M4_T_le_v4SPD16_eabi.lib : _lock.obj (.text)
                  00000bcc    00000012     driverlib.lib : gpio.obj (.text:GPIOPinTypeI2C)
                  00000bde    00000012                   : gpio.obj (.text:GPIOPinTypeUART)
                  00000bf0    0000000e     rtsv7M4_T_le_v4SPD16_eabi.lib : copy_decompress_none.obj (.text:decompress:none)
                  00000bfe    0000000c     tm4c123gh6pm_startup_ccs.obj (.text)
                  00000c0a    0000000a     driverlib.lib : i2c.obj (.text:I2CMasterEnable)
                  00000c14    0000000a                   : uart.obj (.text:UARTCharPut)
                  00000c1e    00000008                   : i2c.obj (.text:I2CMasterSlaveAddrSet)
                  00000c26    00000006                   : sysctl.obj (.text:SysCtlDelay)
                  00000c2c    00000006     rtsv7M4_T_le_v4SPD16_eabi.lib : copy_decompress_rle.obj (.text:decompress:rle24)
                  00000c32    00000004     driverlib.lib : i2c.obj (.text:I2CMasterControl)
                  00000c36    00000004                   : i2c.obj (.text:I2CMasterDataGet)
                  00000c3a    00000004     rtsv7M4_T_le_v4SPD16_eabi.lib : pre_init.obj (.text)

.const     0    00000c40    00000106     
                  00000c40    00000090     driverlib.lib : gpio.obj (.const:g_pui32GPIOBaseAddrs)
                  00000cd0    0000006c                   : sysctl.obj (.const:g_pui32Xtals)
                  00000d3c    0000000a     main.obj (.const:.string)

.cinit     0    00000d48    00000050     
                  00000d48    0000003f     (.cinit..data.load) [load image, compression = rle]
                  00000d87    00000001     --HOLE-- [fill = 0]
                  00000d88    00000008     (__TI_handler_table)
                  00000d90    00000008     (__TI_cinit_table)

.init_array 
*          0    00000000    00000000     UNINITIALIZED

.stack     0    20000000    00000064     UNINITIALIZED
                  20000000    00000064     --HOLE--

.data      0    20000064    00000044     UNINITIALIZED
                  20000064    0000002f     main.obj (.data)
                  20000093    00000001     --HOLE--
                  20000094    00000008     rtsv7M4_T_le_v4SPD16_eabi.lib : _lock.obj (.data)
                  2000009c    00000008                                   : exit.obj (.data)
                  200000a4    00000004                                   : stkdepth_vars.obj (.data)

.TI.persistent 
*          0    20000064    00000000     UNINITIALIZED


LINKER GENERATED COPY TABLES

__TI_cinit_table @ 00000d90 records: 1, size/record: 8, table size: 8
	.data: load addr=00000d48, load size=0000003f bytes, run addr=20000064, run size=00000044 bytes, compression=rle


LINKER GENERATED HANDLER TABLE

__TI_handler_table @ 00000d88 records: 2, size/record: 4, table size: 8
	index: 0, handler: __TI_decompress_rle24
	index: 1, handler: __TI_decompress_none


GLOBAL SYMBOLS: SORTED ALPHABETICALLY BY Name 

address   name                    
-------   ----                    
00000a89  C$$EXIT                 
00000b45  GPIODirModeSet          
00000441  GPIOPadConfigSet        
000009f9  GPIOPinConfigure        
00000bcd  GPIOPinTypeI2C          
00000bdf  GPIOPinTypeUART         
00000c33  I2CMasterControl        
00000c37  I2CMasterDataGet        
00000c0b  I2CMasterEnable         
00000a41  I2CMasterInitExpClk     
00000c1f  I2CMasterSlaveAddrSet   
00000355  Print_header            
0000037f  Read_temp               
00000bff  ResetISR                
UNDEFED   SHT$$INIT_ARRAY$$Base   
UNDEFED   SHT$$INIT_ARRAY$$Limit  
00000571  SysCtlClockGet          
0000067d  SysCtlClockSet          
00000c27  SysCtlDelay             
00000b11  SysCtlPeripheralEnable  
00000c15  UARTCharPut             
00000acd  UARTConfigSetExpClk     
00000b71  UARTDisable             
00000ba5  UARTEnable              
20000064  __STACK_END             
00000064  __STACK_SIZE            
20000200  __STACK_TOP             
00000d90  __TI_CINIT_Base         
00000d98  __TI_CINIT_Limit        
00000d88  __TI_Handler_Table_Base 
00000d90  __TI_Handler_Table_Limit
00000885  __TI_auto_init          
2000009c  __TI_cleanup_ptr        
00000bf1  __TI_decompress_none    
00000c2d  __TI_decompress_rle24   
200000a0  __TI_dtors_ptr          
00000000  __TI_static_base__      
00000809  __aeabi_memclr          
00000809  __aeabi_memclr4         
00000809  __aeabi_memclr8         
0000076d  __aeabi_memcpy          
0000076d  __aeabi_memcpy4         
0000076d  __aeabi_memcpy8         
0000080b  __aeabi_memset          
0000080b  __aeabi_memset4         
0000080b  __aeabi_memset8         
ffffffff  __binit__               
ffffffff  __c_args__              
20000000  __stack                 
00000b8d  _args_main              
0000095d  _c_int00                
20000094  _lock                   
00000bc7  _nop                    
00000bbf  _register_lock          
00000bb9  _register_unlock        
00000c3b  _system_pre_init        
20000098  _unlock                 
00000a8d  abort                   
ffffffff  binit                   
000009ad  copy_in                 
00000a95  exit                    
00000000  g_pfnVectors            
20000081  log                     
0000026d  main                    
200000a4  main_func_sp            
0000076d  memcpy                  
00000811  memset                  
20000064  start_screen            


GLOBAL SYMBOLS: SORTED BY Symbol Address 

address   name                    
-------   ----                    
00000000  __TI_static_base__      
00000000  g_pfnVectors            
00000064  __STACK_SIZE            
0000026d  main                    
00000355  Print_header            
0000037f  Read_temp               
00000441  GPIOPadConfigSet        
00000571  SysCtlClockGet          
0000067d  SysCtlClockSet          
0000076d  __aeabi_memcpy          
0000076d  __aeabi_memcpy4         
0000076d  __aeabi_memcpy8         
0000076d  memcpy                  
00000809  __aeabi_memclr          
00000809  __aeabi_memclr4         
00000809  __aeabi_memclr8         
0000080b  __aeabi_memset          
0000080b  __aeabi_memset4         
0000080b  __aeabi_memset8         
00000811  memset                  
00000885  __TI_auto_init          
0000095d  _c_int00                
000009ad  copy_in                 
000009f9  GPIOPinConfigure        
00000a41  I2CMasterInitExpClk     
00000a89  C$$EXIT                 
00000a8d  abort                   
00000a95  exit                    
00000acd  UARTConfigSetExpClk     
00000b11  SysCtlPeripheralEnable  
00000b45  GPIODirModeSet          
00000b71  UARTDisable             
00000b8d  _args_main              
00000ba5  UARTEnable              
00000bb9  _register_unlock        
00000bbf  _register_lock          
00000bc7  _nop                    
00000bcd  GPIOPinTypeI2C          
00000bdf  GPIOPinTypeUART         
00000bf1  __TI_decompress_none    
00000bff  ResetISR                
00000c0b  I2CMasterEnable         
00000c15  UARTCharPut             
00000c1f  I2CMasterSlaveAddrSet   
00000c27  SysCtlDelay             
00000c2d  __TI_decompress_rle24   
00000c33  I2CMasterControl        
00000c37  I2CMasterDataGet        
00000c3b  _system_pre_init        
00000d88  __TI_Handler_Table_Base 
00000d90  __TI_CINIT_Base         
00000d90  __TI_Handler_Table_Limit
00000d98  __TI_CINIT_Limit        
20000000  __stack                 
20000064  __STACK_END             
20000064  start_screen            
20000081  log                     
20000094  _lock                   
20000098  _unlock                 
2000009c  __TI_cleanup_ptr        
200000a0  __TI_dtors_ptr          
200000a4  main_func_sp            
20000200  __STACK_TOP             
ffffffff  __binit__               
ffffffff  __c_args__              
ffffffff  binit                   
UNDEFED   SHT$$INIT_ARRAY$$Base   
UNDEFED   SHT$$INIT_ARRAY$$Limit  

[68 symbols]
