******************************************************************************
                  TI ARM Linker PC v5.2.5                      
******************************************************************************
>> Linked Tue Nov 03 00:48:12 2015

OUTPUT FILE NAME:   <lab4.out>
ENTRY POINT SYMBOL: "_c_int00"  address: 00000a11


MEMORY CONFIGURATION

         name            origin    length      used     unused   attr    fill
----------------------  --------  ---------  --------  --------  ----  --------
  FLASH                 00000000   00040000  00000da8  0003f258  R  X
  SRAM                  20000000   00008000  00000078  00007f88  RW X


SEGMENT ALLOCATION MAP

run origin  load origin   length   init length attrs members
----------  ----------- ---------- ----------- ----- -------
00000000    00000000    00000da8   00000da8    r-x
  00000000    00000000    0000026c   0000026c    r-- .intvecs
  0000026c    0000026c    00000a20   00000a20    r-x .text
  00000c8c    00000c8c    000000fc   000000fc    r-- .const
  00000d88    00000d88    00000020   00000020    r-- .cinit
20000000    20000000    00000078   00000000    rw-
  20000000    20000000    00000064   00000000    rw- .stack
  20000064    20000064    00000014   00000000    rw- .data


SECTION ALLOCATION MAP

 output                                  attributes/
section   page    origin      length       input sections
--------  ----  ----------  ----------   ----------------
.intvecs   0    00000000    0000026c     
                  00000000    0000026c     tm4c123gh6pm_startup_ccs.obj (.intvecs)

.text      0    0000026c    00000a20     
                  0000026c    00000288     main.obj (.text)
                  000004f4    00000130     driverlib.lib : gpio.obj (.text:GPIOPadConfigSet)
                  00000624    0000010c                   : sysctl.obj (.text:SysCtlClockGet)
                  00000730    000000f0                   : sysctl.obj (.text:SysCtlClockSet)
                  00000820    0000009c     rtsv7M4_T_le_v4SPD16_eabi.lib : memcpy_t2.obj (.text)
                  000008bc    0000007a                                   : memset_t2.obj (.text)
                  00000936    00000002     --HOLE-- [fill = 0]
                  00000938    0000006c                                   : autoinit.obj (.text)
                  000009a4    0000006a                                   : copy_decompress_rle.obj (.text)
                  00000a0e    00000002     --HOLE-- [fill = 0]
                  00000a10    00000050                                   : boot.obj (.text)
                  00000a60    0000004c                                   : cpy_tbl.obj (.text)
                  00000aac    00000048     driverlib.lib : gpio.obj (.text:GPIOPinConfigure)
                  00000af4    00000048                   : i2c.obj (.text:I2CMasterInitExpClk)
                  00000b3c    00000044     rtsv7M4_T_le_v4SPD16_eabi.lib : exit.obj (.text)
                  00000b80    00000034     driverlib.lib : sysctl.obj (.text:SysCtlPeripheralEnable)
                  00000bb4    0000002a                   : gpio.obj (.text:GPIODirModeSet)
                  00000bde    00000018                   : gpio.obj (.text:GPIOPinTypeGPIOOutput)
                  00000bf6    00000002     --HOLE-- [fill = 0]
                  00000bf8    00000018     rtsv7M4_T_le_v4SPD16_eabi.lib : args_main.obj (.text)
                  00000c10    00000014                                   : _lock.obj (.text)
                  00000c24    00000012     driverlib.lib : gpio.obj (.text:GPIOPinTypeI2C)
                  00000c36    0000000e     rtsv7M4_T_le_v4SPD16_eabi.lib : copy_decompress_none.obj (.text:decompress:none)
                  00000c44    0000000c     tm4c123gh6pm_startup_ccs.obj (.text)
                  00000c50    0000000a     driverlib.lib : i2c.obj (.text:I2CMasterEnable)
                  00000c5a    00000008                   : i2c.obj (.text:I2CMasterBusBusy)
                  00000c62    00000008                   : i2c.obj (.text:I2CMasterSlaveAddrSet)
                  00000c6a    00000006                   : gpio.obj (.text:GPIOPinWrite)
                  00000c70    00000006                   : sysctl.obj (.text:SysCtlDelay)
                  00000c76    00000006     rtsv7M4_T_le_v4SPD16_eabi.lib : copy_decompress_rle.obj (.text:decompress:rle24)
                  00000c7c    00000004     driverlib.lib : i2c.obj (.text:I2CMasterControl)
                  00000c80    00000004                   : i2c.obj (.text:I2CMasterDataGet)
                  00000c84    00000004                   : i2c.obj (.text:I2CMasterDataPut)
                  00000c88    00000004     rtsv7M4_T_le_v4SPD16_eabi.lib : pre_init.obj (.text)

.const     0    00000c8c    000000fc     
                  00000c8c    00000090     driverlib.lib : gpio.obj (.const:g_pui32GPIOBaseAddrs)
                  00000d1c    0000006c                   : sysctl.obj (.const:g_pui32Xtals)

.cinit     0    00000d88    00000020     
                  00000d88    0000000f     (.cinit..data.load) [load image, compression = rle]
                  00000d97    00000001     --HOLE-- [fill = 0]
                  00000d98    00000008     (__TI_handler_table)
                  00000da0    00000008     (__TI_cinit_table)

.init_array 
*          0    00000000    00000000     UNINITIALIZED

.stack     0    20000000    00000064     UNINITIALIZED
                  20000000    00000064     --HOLE--

.data      0    20000064    00000014     UNINITIALIZED
                  20000064    00000008     rtsv7M4_T_le_v4SPD16_eabi.lib : _lock.obj (.data)
                  2000006c    00000008                                   : exit.obj (.data)
                  20000074    00000004                                   : stkdepth_vars.obj (.data)

.TI.persistent 
*          0    20000064    00000000     UNINITIALIZED


LINKER GENERATED COPY TABLES

__TI_cinit_table @ 00000da0 records: 1, size/record: 8, table size: 8
	.data: load addr=00000d88, load size=0000000f bytes, run addr=20000064, run size=00000014 bytes, compression=rle


LINKER GENERATED HANDLER TABLE

__TI_handler_table @ 00000d98 records: 2, size/record: 4, table size: 8
	index: 0, handler: __TI_decompress_rle24
	index: 1, handler: __TI_decompress_none


GLOBAL SYMBOLS: SORTED ALPHABETICALLY BY Name 

address   name                    
-------   ----                    
000003a3  Accel_int               
000003e3  Accel_read              
00000b3d  C$$EXIT                 
00000bb5  GPIODirModeSet          
000004f5  GPIOPadConfigSet        
00000aad  GPIOPinConfigure        
00000bdf  GPIOPinTypeGPIOOutput   
00000c25  GPIOPinTypeI2C          
00000c6b  GPIOPinWrite            
00000c5b  I2CMasterBusBusy        
00000c7d  I2CMasterControl        
00000c81  I2CMasterDataGet        
00000c85  I2CMasterDataPut        
00000c51  I2CMasterEnable         
00000af5  I2CMasterInitExpClk     
00000c63  I2CMasterSlaveAddrSet   
00000c45  ResetISR                
UNDEFED   SHT$$INIT_ARRAY$$Base   
UNDEFED   SHT$$INIT_ARRAY$$Limit  
00000625  SysCtlClockGet          
00000731  SysCtlClockSet          
00000c71  SysCtlDelay             
00000b81  SysCtlPeripheralEnable  
20000064  __STACK_END             
00000064  __STACK_SIZE            
20000200  __STACK_TOP             
00000da0  __TI_CINIT_Base         
00000da8  __TI_CINIT_Limit        
00000d98  __TI_Handler_Table_Base 
00000da0  __TI_Handler_Table_Limit
00000939  __TI_auto_init          
2000006c  __TI_cleanup_ptr        
00000c37  __TI_decompress_none    
00000c77  __TI_decompress_rle24   
20000070  __TI_dtors_ptr          
00000000  __TI_static_base__      
000008bd  __aeabi_memclr          
000008bd  __aeabi_memclr4         
000008bd  __aeabi_memclr8         
00000821  __aeabi_memcpy          
00000821  __aeabi_memcpy4         
00000821  __aeabi_memcpy8         
000008bf  __aeabi_memset          
000008bf  __aeabi_memset4         
000008bf  __aeabi_memset8         
ffffffff  __binit__               
ffffffff  __c_args__              
20000000  __stack                 
00000bf9  _args_main              
00000a11  _c_int00                
20000064  _lock                   
00000c1f  _nop                    
00000c17  _register_lock          
00000c11  _register_unlock        
00000c89  _system_pre_init        
20000068  _unlock                 
00000b41  abort                   
ffffffff  binit                   
00000a61  copy_in                 
00000b49  exit                    
00000000  g_pfnVectors            
0000026d  main                    
20000074  main_func_sp            
00000821  memcpy                  
000008c5  memset                  


GLOBAL SYMBOLS: SORTED BY Symbol Address 

address   name                    
-------   ----                    
00000000  __TI_static_base__      
00000000  g_pfnVectors            
00000064  __STACK_SIZE            
0000026d  main                    
000003a3  Accel_int               
000003e3  Accel_read              
000004f5  GPIOPadConfigSet        
00000625  SysCtlClockGet          
00000731  SysCtlClockSet          
00000821  __aeabi_memcpy          
00000821  __aeabi_memcpy4         
00000821  __aeabi_memcpy8         
00000821  memcpy                  
000008bd  __aeabi_memclr          
000008bd  __aeabi_memclr4         
000008bd  __aeabi_memclr8         
000008bf  __aeabi_memset          
000008bf  __aeabi_memset4         
000008bf  __aeabi_memset8         
000008c5  memset                  
00000939  __TI_auto_init          
00000a11  _c_int00                
00000a61  copy_in                 
00000aad  GPIOPinConfigure        
00000af5  I2CMasterInitExpClk     
00000b3d  C$$EXIT                 
00000b41  abort                   
00000b49  exit                    
00000b81  SysCtlPeripheralEnable  
00000bb5  GPIODirModeSet          
00000bdf  GPIOPinTypeGPIOOutput   
00000bf9  _args_main              
00000c11  _register_unlock        
00000c17  _register_lock          
00000c1f  _nop                    
00000c25  GPIOPinTypeI2C          
00000c37  __TI_decompress_none    
00000c45  ResetISR                
00000c51  I2CMasterEnable         
00000c5b  I2CMasterBusBusy        
00000c63  I2CMasterSlaveAddrSet   
00000c6b  GPIOPinWrite            
00000c71  SysCtlDelay             
00000c77  __TI_decompress_rle24   
00000c7d  I2CMasterControl        
00000c81  I2CMasterDataGet        
00000c85  I2CMasterDataPut        
00000c89  _system_pre_init        
00000d98  __TI_Handler_Table_Base 
00000da0  __TI_CINIT_Base         
00000da0  __TI_Handler_Table_Limit
00000da8  __TI_CINIT_Limit        
20000000  __stack                 
20000064  __STACK_END             
20000064  _lock                   
20000068  _unlock                 
2000006c  __TI_cleanup_ptr        
20000070  __TI_dtors_ptr          
20000074  main_func_sp            
20000200  __STACK_TOP             
ffffffff  __binit__               
ffffffff  __c_args__              
ffffffff  binit                   
UNDEFED   SHT$$INIT_ARRAY$$Base   
UNDEFED   SHT$$INIT_ARRAY$$Limit  

[65 symbols]
