******************************************************************************
                  TI ARM Linker PC v5.2.5                      
******************************************************************************
>> Linked Mon Nov 16 22:56:57 2015

OUTPUT FILE NAME:   <lab12.out>
ENTRY POINT SYMBOL: "_c_int00"  address: 00000b39


MEMORY CONFIGURATION

         name            origin    length      used     unused   attr    fill
----------------------  --------  ---------  --------  --------  ----  --------
  FLASH                 00000000   00040000  00000fb8  0003f048  R  X
  SRAM                  20000000   00008000  00000078  00007f88  RW X


SEGMENT ALLOCATION MAP

run origin  load origin   length   init length attrs members
----------  ----------- ---------- ----------- ----- -------
00000000    00000000    00000fb8   00000fb8    r-x
  00000000    00000000    0000026c   0000026c    r-- .intvecs
  0000026c    0000026c    00000c30   00000c30    r-x .text
  00000e9c    00000e9c    000000fc   000000fc    r-- .const
  00000f98    00000f98    00000020   00000020    r-- .cinit
20000000    20000000    00000078   00000000    rw-
  20000000    20000000    00000064   00000000    rw- .stack
  20000064    20000064    00000014   00000000    rw- .data


SECTION ALLOCATION MAP

 output                                  attributes/
section   page    origin      length       input sections
--------  ----  ----------  ----------   ----------------
.intvecs   0    00000000    0000026c     
                  00000000    0000026c     tm4c123gh6pm_startup_ccs.obj (.intvecs)

.text      0    0000026c    00000c30     
                  0000026c    00000338     main.obj (.text)
                  000005a4    00000130     driverlib.lib : gpio.obj (.text:GPIOPadConfigSet)
                  000006d4    0000010c                   : sysctl.obj (.text:SysCtlClockGet)
                  000007e0    000000f0                   : sysctl.obj (.text:SysCtlClockSet)
                  000008d0    0000009c     rtsv7M4_T_le_v4SPD16_eabi.lib : memcpy_t2.obj (.text)
                  0000096c    0000007a     driverlib.lib : adc.obj (.text:ADCSequenceStepConfigure)
                  000009e6    0000007a     rtsv7M4_T_le_v4SPD16_eabi.lib : memset_t2.obj (.text)
                  00000a60    0000006c                                   : autoinit.obj (.text)
                  00000acc    0000006a                                   : copy_decompress_rle.obj (.text)
                  00000b36    00000002     --HOLE-- [fill = 0]
                  00000b38    00000050                                   : boot.obj (.text)
                  00000b88    0000004c                                   : cpy_tbl.obj (.text)
                  00000bd4    00000048     driverlib.lib : gpio.obj (.text:GPIOPinConfigure)
                  00000c1c    00000044     rtsv7M4_T_le_v4SPD16_eabi.lib : exit.obj (.text)
                  00000c60    00000042     driverlib.lib : uart.obj (.text:UARTConfigSetExpClk)
                  00000ca2    0000003e                   : adc.obj (.text:ADCSequenceConfigure)
                  00000ce0    00000034                   : sysctl.obj (.text:SysCtlPeripheralEnable)
                  00000d14    0000002e                   : adc.obj (.text:ADCIntStatus)
                  00000d42    0000002a                   : gpio.obj (.text:GPIODirModeSet)
                  00000d6c    0000001e                   : adc.obj (.text:ADCSequenceDataGet)
                  00000d8a    00000002     --HOLE-- [fill = 0]
                  00000d8c    0000001c                   : uart.obj (.text:UARTDisable)
                  00000da8    00000018                   : adc.obj (.text:ADCProcessorTrigger)
                  00000dc0    00000018                   : gpio.obj (.text:GPIOPinTypeGPIOOutput)
                  00000dd8    00000018     rtsv7M4_T_le_v4SPD16_eabi.lib : args_main.obj (.text)
                  00000df0    00000014     driverlib.lib : uart.obj (.text:UARTEnable)
                  00000e04    00000014     rtsv7M4_T_le_v4SPD16_eabi.lib : _lock.obj (.text)
                  00000e18    00000012     driverlib.lib : adc.obj (.text:ADCHardwareOversampleConfigure)
                  00000e2a    00000012                   : gpio.obj (.text:GPIOPinTypeUART)
                  00000e3c    0000000e                   : adc.obj (.text:ADCSequenceEnable)
                  00000e4a    0000000e     rtsv7M4_T_le_v4SPD16_eabi.lib : copy_decompress_none.obj (.text:decompress:none)
                  00000e58    0000000c     tm4c123gh6pm_startup_ccs.obj (.text)
                  00000e64    0000000a     driverlib.lib : adc.obj (.text:ADCIntClear)
                  00000e6e    0000000a                   : uart.obj (.text:UARTCharPut)
                  00000e78    0000000a                   : uart.obj (.text:UARTIntStatus)
                  00000e82    00000006                   : gpio.obj (.text:GPIOPinWrite)
                  00000e88    00000006                   : sysctl.obj (.text:SysCtlDelay)
                  00000e8e    00000006     rtsv7M4_T_le_v4SPD16_eabi.lib : copy_decompress_rle.obj (.text:decompress:rle24)
                  00000e94    00000004     driverlib.lib : uart.obj (.text:UARTIntClear)
                  00000e98    00000004     rtsv7M4_T_le_v4SPD16_eabi.lib : pre_init.obj (.text)

.const     0    00000e9c    000000fc     
                  00000e9c    00000090     driverlib.lib : gpio.obj (.const:g_pui32GPIOBaseAddrs)
                  00000f2c    0000006c                   : sysctl.obj (.const:g_pui32Xtals)

.cinit     0    00000f98    00000020     
                  00000f98    0000000f     (.cinit..data.load) [load image, compression = rle]
                  00000fa7    00000001     --HOLE-- [fill = 0]
                  00000fa8    00000008     (__TI_handler_table)
                  00000fb0    00000008     (__TI_cinit_table)

.init_array 
*          0    00000000    00000000     UNINITIALIZED

.stack     0    20000000    00000064     UNINITIALIZED
                  20000000    00000064     --HOLE--

.data      0    20000064    00000014     UNINITIALIZED
                  20000064    00000008     rtsv7M4_T_le_v4SPD16_eabi.lib : _lock.obj (.data)
                  2000006c    00000008                                   : exit.obj (.data)
                  20000074    00000004                                   : stkdepth_vars.obj (.data)

.TI.persistent 
*          0    20000064    00000000     UNINITIALIZED


LINKER GENERATED COPY TABLES

__TI_cinit_table @ 00000fb0 records: 1, size/record: 8, table size: 8
	.data: load addr=00000f98, load size=0000000f bytes, run addr=20000064, run size=00000014 bytes, compression=rle


LINKER GENERATED HANDLER TABLE

__TI_handler_table @ 00000fa8 records: 2, size/record: 4, table size: 8
	index: 0, handler: __TI_decompress_rle24
	index: 1, handler: __TI_decompress_none


GLOBAL SYMBOLS: SORTED ALPHABETICALLY BY Name 

address   name                          
-------   ----                          
00000e19  ADCHardwareOversampleConfigure
00000e65  ADCIntClear                   
00000d15  ADCIntStatus                  
00000da9  ADCProcessorTrigger           
00000ca3  ADCSequenceConfigure          
00000d6d  ADCSequenceDataGet            
00000e3d  ADCSequenceEnable             
0000096d  ADCSequenceStepConfigure      
00000c1d  C$$EXIT                       
00000d43  GPIODirModeSet                
000005a5  GPIOPadConfigSet              
00000bd5  GPIOPinConfigure              
00000dc1  GPIOPinTypeGPIOOutput         
00000e2b  GPIOPinTypeUART               
00000e83  GPIOPinWrite                  
00000e59  ResetISR                      
UNDEFED   SHT$$INIT_ARRAY$$Base         
UNDEFED   SHT$$INIT_ARRAY$$Limit        
000006d5  SysCtlClockGet                
000007e1  SysCtlClockSet                
00000e89  SysCtlDelay                   
00000ce1  SysCtlPeripheralEnable        
00000e6f  UARTCharPut                   
00000c61  UARTConfigSetExpClk           
00000d8d  UARTDisable                   
00000df1  UARTEnable                    
00000e95  UARTIntClear                  
000004cf  UARTIntHandler                
00000e79  UARTIntStatus                 
0000042f  UARTPrint_uint32_t            
000003f7  UARTdeleteLastEntry           
20000064  __STACK_END                   
00000064  __STACK_SIZE                  
20000200  __STACK_TOP                   
00000fb0  __TI_CINIT_Base               
00000fb8  __TI_CINIT_Limit              
00000fa8  __TI_Handler_Table_Base       
00000fb0  __TI_Handler_Table_Limit      
00000a61  __TI_auto_init                
2000006c  __TI_cleanup_ptr              
00000e4b  __TI_decompress_none          
00000e8f  __TI_decompress_rle24         
20000070  __TI_dtors_ptr                
00000000  __TI_static_base__            
000009e7  __aeabi_memclr                
000009e7  __aeabi_memclr4               
000009e7  __aeabi_memclr8               
000008d1  __aeabi_memcpy                
000008d1  __aeabi_memcpy4               
000008d1  __aeabi_memcpy8               
000009e9  __aeabi_memset                
000009e9  __aeabi_memset4               
000009e9  __aeabi_memset8               
ffffffff  __binit__                     
ffffffff  __c_args__                    
20000000  __stack                       
00000dd9  _args_main                    
00000b39  _c_int00                      
20000064  _lock                         
00000e13  _nop                          
00000e0b  _register_lock                
00000e05  _register_unlock              
00000e99  _system_pre_init              
20000068  _unlock                       
00000c21  abort                         
ffffffff  binit                         
00000b89  copy_in                       
00000c29  exit                          
00000000  g_pfnVectors                  
0000026d  main                          
20000074  main_func_sp                  
000008d1  memcpy                        
000009ef  memset                        


GLOBAL SYMBOLS: SORTED BY Symbol Address 

address   name                          
-------   ----                          
00000000  __TI_static_base__            
00000000  g_pfnVectors                  
00000064  __STACK_SIZE                  
0000026d  main                          
000003f7  UARTdeleteLastEntry           
0000042f  UARTPrint_uint32_t            
000004cf  UARTIntHandler                
000005a5  GPIOPadConfigSet              
000006d5  SysCtlClockGet                
000007e1  SysCtlClockSet                
000008d1  __aeabi_memcpy                
000008d1  __aeabi_memcpy4               
000008d1  __aeabi_memcpy8               
000008d1  memcpy                        
0000096d  ADCSequenceStepConfigure      
000009e7  __aeabi_memclr                
000009e7  __aeabi_memclr4               
000009e7  __aeabi_memclr8               
000009e9  __aeabi_memset                
000009e9  __aeabi_memset4               
000009e9  __aeabi_memset8               
000009ef  memset                        
00000a61  __TI_auto_init                
00000b39  _c_int00                      
00000b89  copy_in                       
00000bd5  GPIOPinConfigure              
00000c1d  C$$EXIT                       
00000c21  abort                         
00000c29  exit                          
00000c61  UARTConfigSetExpClk           
00000ca3  ADCSequenceConfigure          
00000ce1  SysCtlPeripheralEnable        
00000d15  ADCIntStatus                  
00000d43  GPIODirModeSet                
00000d6d  ADCSequenceDataGet            
00000d8d  UARTDisable                   
00000da9  ADCProcessorTrigger           
00000dc1  GPIOPinTypeGPIOOutput         
00000dd9  _args_main                    
00000df1  UARTEnable                    
00000e05  _register_unlock              
00000e0b  _register_lock                
00000e13  _nop                          
00000e19  ADCHardwareOversampleConfigure
00000e2b  GPIOPinTypeUART               
00000e3d  ADCSequenceEnable             
00000e4b  __TI_decompress_none          
00000e59  ResetISR                      
00000e65  ADCIntClear                   
00000e6f  UARTCharPut                   
00000e79  UARTIntStatus                 
00000e83  GPIOPinWrite                  
00000e89  SysCtlDelay                   
00000e8f  __TI_decompress_rle24         
00000e95  UARTIntClear                  
00000e99  _system_pre_init              
00000fa8  __TI_Handler_Table_Base       
00000fb0  __TI_CINIT_Base               
00000fb0  __TI_Handler_Table_Limit      
00000fb8  __TI_CINIT_Limit              
20000000  __stack                       
20000064  __STACK_END                   
20000064  _lock                         
20000068  _unlock                       
2000006c  __TI_cleanup_ptr              
20000070  __TI_dtors_ptr                
20000074  main_func_sp                  
20000200  __STACK_TOP                   
ffffffff  __binit__                     
ffffffff  __c_args__                    
ffffffff  binit                         
UNDEFED   SHT$$INIT_ARRAY$$Base         
UNDEFED   SHT$$INIT_ARRAY$$Limit        

[73 symbols]
