******************************************************************************
                  TI ARM Linker PC v5.2.5                      
******************************************************************************
>> Linked Wed Nov 11 20:43:28 2015

OUTPUT FILE NAME:   <OrbitBasicDemo.out>
ENTRY POINT SYMBOL: "_c_int00"  address: 00001a2d


MEMORY CONFIGURATION

         name            origin    length      used     unused   attr    fill
----------------------  --------  ---------  --------  --------  ----  --------
  FLASH                 00000000   00040000  000021ae  0003de52  R  X
  SRAM                  20000000   00008000  00000556  00007aaa  RW X


SEGMENT ALLOCATION MAP

run origin  load origin   length   init length attrs members
----------  ----------- ---------- ----------- ----- -------
00000000    00000000    000021b0   000021b0    r-x
  00000000    00000000    0000026c   0000026c    r-- .intvecs
  0000026c    0000026c    00001ace   00001ace    r-x .text
  00001d3c    00001d3c    0000043c   0000043c    r-- .const
  00002178    00002178    00000038   00000038    r-- .cinit
20000000    20000000    00000559   00000000    rw-
  20000000    20000000    00000341   00000000    rw- .bss
  20000344    20000344    00000200   00000000    rw- .stack
  20000544    20000544    00000015   00000000    rw- .data


SECTION ALLOCATION MAP

 output                                  attributes/
section   page    origin      length       input sections
--------  ----  ----------  ----------   ----------------
.intvecs   0    00000000    0000026c     
                  00000000    0000026c     tm4c123gh6pm_startup_ccs.obj (.intvecs)

.text      0    0000026c    00001ace     
                  0000026c    00000950     OrbitOledGrph.obj (.text)
                  00000bbc    00000380     OrbitOled.obj (.text)
                  00000f3c    0000029c     main.obj (.text)
                  000011d8    00000204     OrbitOledChar.obj (.text)
                  000013dc    00000130     driverlib.lib : gpio.obj (.text:GPIOPadConfigSet)
                  0000150c    0000010c                   : sysctl.obj (.text:SysCtlClockGet)
                  00001618    000000f0                   : sysctl.obj (.text:SysCtlClockSet)
                  00001708    0000009c     rtsv7M4_T_le_v4SPD16_eabi.lib : memcpy_t2.obj (.text)
                  000017a4    0000007a     driverlib.lib : adc.obj (.text:ADCSequenceStepConfigure)
                  0000181e    0000007a     rtsv7M4_T_le_v4SPD16_eabi.lib : memset_t2.obj (.text)
                  00001898    0000006c                                   : autoinit.obj (.text)
                  00001904    0000006a                                   : copy_decompress_rle.obj (.text)
                  0000196e    00000002     --HOLE-- [fill = 0]
                  00001970    00000060     driverlib.lib : timer.obj (.text:TimerConfigure)
                  000019d0    0000005c     delay.obj (.text)
                  00001a2c    00000050     rtsv7M4_T_le_v4SPD16_eabi.lib : boot.obj (.text)
                  00001a7c    0000004c                                   : cpy_tbl.obj (.text)
                  00001ac8    00000048     driverlib.lib : gpio.obj (.text:GPIOPinConfigure)
                  00001b10    00000044     rtsv7M4_T_le_v4SPD16_eabi.lib : exit.obj (.text)
                  00001b54    0000003e     driverlib.lib : adc.obj (.text:ADCSequenceConfigure)
                  00001b92    0000003c                   : ssi.obj (.text:SSIConfigSetExpClk)
                  00001bce    00000002     --HOLE-- [fill = 0]
                  00001bd0    00000034                   : sysctl.obj (.text:SysCtlPeripheralEnable)
                  00001c04    0000002a                   : gpio.obj (.text:GPIODirModeSet)
                  00001c2e    00000018                   : gpio.obj (.text:GPIOPinTypeGPIOOutput)
                  00001c46    00000002     --HOLE-- [fill = 0]
                  00001c48    00000018     rtsv7M4_T_le_v4SPD16_eabi.lib : args_main.obj (.text)
                  00001c60    00000014                                   : _lock.obj (.text)
                  00001c74    00000012     driverlib.lib : gpio.obj (.text:GPIOPinTypeADC)
                  00001c86    00000012                   : gpio.obj (.text:GPIOPinTypeGPIOInput)
                  00001c98    00000012                   : gpio.obj (.text:GPIOPinTypeSSI)
                  00001caa    0000000e                   : adc.obj (.text:ADCSequenceEnable)
                  00001cb8    0000000e                   : timer.obj (.text:TimerEnable)
                  00001cc6    0000000e     rtsv7M4_T_le_v4SPD16_eabi.lib : copy_decompress_none.obj (.text:decompress:none)
                  00001cd4    0000000c     driverlib.lib : ssi.obj (.text:SSIDataGet)
                  00001ce0    0000000c     rtsv7M4_T_le_v4SPD16_eabi.lib : copy_zero_init.obj (.text:decompress:ZI)
                  00001cec    0000000c     tm4c123gh6pm_startup_ccs.obj (.text)
                  00001cf8    0000000a     driverlib.lib : ssi.obj (.text:SSIDataPut)
                  00001d02    0000000a                   : ssi.obj (.text:SSIEnable)
                  00001d0c    0000000a                   : timer.obj (.text:TimerValueGet)
                  00001d16    00000008                   : ssi.obj (.text:SSIBusy)
                  00001d1e    00000006                   : gpio.obj (.text:GPIOPinWrite)
                  00001d24    00000006                   : ssi.obj (.text:SSIClockSourceSet)
                  00001d2a    00000006                   : sysctl.obj (.text:SysCtlDelay)
                  00001d30    00000006     rtsv7M4_T_le_v4SPD16_eabi.lib : copy_decompress_rle.obj (.text:decompress:rle24)
                  00001d36    00000004                                   : pre_init.obj (.text)

.const     0    00001d3c    0000043c     
                  00001d3c    00000300     ChrFont0.obj (.const:.string:rgbOledFont0)
                  0000203c    00000090     driverlib.lib : gpio.obj (.const:g_pui32GPIOBaseAddrs)
                  000020cc    0000006c                   : sysctl.obj (.const:g_pui32Xtals)
                  00002138    00000040     FillPat.obj (.const:.string:rgbFillPat)

.cinit     0    00002178    00000038     
                  00002178    0000000f     (.cinit..data.load) [load image, compression = rle]
                  00002187    00000001     --HOLE-- [fill = 0]
                  00002188    0000000c     (__TI_handler_table)
                  00002194    00000004     --HOLE-- [fill = 0]
                  00002198    00000008     (.cinit..bss.load) [load image, compression = zero_init]
                  000021a0    00000010     (__TI_cinit_table)

.init_array 
*          0    00000000    00000000     UNINITIALIZED

.bss       0    20000000    00000341     UNINITIALIZED
                  20000000    00000200     OrbitOled.obj (.bss:rgbOledBmp)
                  20000200    00000100     OrbitOledChar.obj (.bss:rgbOledFontUser)
                  20000300    00000004     (.common:bnOledCur)
                  20000304    00000004     (.common:dxcoOledFontCur)
                  20000308    00000004     (.common:dycoOledFontCur)
                  2000030c    00000004     (.common:fOledCharUpdate)
                  20000310    00000004     (.common:modOledCur)
                  20000314    00000004     (.common:pbOledCur)
                  20000318    00000004     (.common:pbOledFontCur)
                  2000031c    00000004     (.common:pbOledFontUser)
                  20000320    00000004     (.common:pbOledPatCur)
                  20000324    00000004     (.common:pfnDoRop)
                  20000328    00000004     (.common:xchOledCur)
                  2000032c    00000004     (.common:xchOledMax)
                  20000330    00000004     (.common:xcoOledCur)
                  20000334    00000004     (.common:ychOledCur)
                  20000338    00000004     (.common:ychOledMax)
                  2000033c    00000004     (.common:ycoOledCur)
                  20000340    00000001     (.common:clrOledCur)

.TI.noinit 
*          0    20000000    00000000     UNINITIALIZED

.stack     0    20000344    00000200     UNINITIALIZED
                  20000344    00000200     --HOLE--

.data      0    20000544    00000015     UNINITIALIZED
                  20000544    00000008     rtsv7M4_T_le_v4SPD16_eabi.lib : _lock.obj (.data)
                  2000054c    00000008                                   : exit.obj (.data)
                  20000554    00000004                                   : stkdepth_vars.obj (.data)
                  20000558    00000001     main.obj (.data)

.TI.persistent 
*          0    20000544    00000000     UNINITIALIZED


LINKER GENERATED COPY TABLES

__TI_cinit_table @ 000021a0 records: 2, size/record: 8, table size: 16
	.data: load addr=00002178, load size=0000000f bytes, run addr=20000544, run size=00000015 bytes, compression=rle
	.bss: load addr=00002198, load size=00000008 bytes, run addr=20000000, run size=00000341 bytes, compression=zero_init


LINKER GENERATED HANDLER TABLE

__TI_handler_table @ 00002188 records: 3, size/record: 4, table size: 12
	index: 0, handler: __TI_decompress_rle24
	index: 1, handler: __TI_decompress_none
	index: 2, handler: __TI_zero_init


GLOBAL SYMBOLS: SORTED ALPHABETICALLY BY Name 

address   name                    
-------   ----                    
00001b55  ADCSequenceConfigure    
00001cab  ADCSequenceEnable       
000017a5  ADCSequenceStepConfigure
00001b11  C$$EXIT                 
000019d1  DelayInit               
000019eb  DelayMs                 
00000f49  DeviceInit              
00001c05  GPIODirModeSet          
000013dd  GPIOPadConfigSet        
00001ac9  GPIOPinConfigure        
00001c75  GPIOPinTypeADC          
00001c87  GPIOPinTypeGPIOInput    
00001c2f  GPIOPinTypeGPIOOutput   
00001c99  GPIOPinTypeSSI          
00001d1f  GPIOPinWrite            
000010d3  OLEDprint_uChar         
00001371  OrbitOledAdvanceCursor  
00000b5b  OrbitOledClampXco       
00000b7b  OrbitOledClampYco       
00000d99  OrbitOledClear          
00000da5  OrbitOledClearBuffer    
00001241  OrbitOledDefUserChar    
00000d15  OrbitOledDevInit        
0000099d  OrbitOledDrawChar       
000012f9  OrbitOledDrawGlyph      
00000363  OrbitOledDrawPixel      
000004a9  OrbitOledDrawRect       
000009fd  OrbitOledDrawString     
00000c9b  OrbitOledDvrInit        
0000052d  OrbitOledFillRect       
00000671  OrbitOledGetBmp         
000012a9  OrbitOledGetCharUpdate  
00001225  OrbitOledGetCursor      
0000035d  OrbitOledGetDrawMode    
0000038f  OrbitOledGetPixel       
000002b3  OrbitOledGetPos         
000002e7  OrbitOledGetStdPattern  
00000bd1  OrbitOledHostInit       
00000bbd  OrbitOledInit           
000003a9  OrbitOledLineTo         
00000aef  OrbitOledMoveDown       
00000b29  OrbitOledMoveLeft       
00000b41  OrbitOledMoveRight      
0000026d  OrbitOledMoveTo         
00000abd  OrbitOledMoveUp         
000007d1  OrbitOledPutBmp         
00000e2f  OrbitOledPutBuffer      
000012af  OrbitOledPutChar        
000012cd  OrbitOledPutString      
00000a69  OrbitOledRopAnd         
00000a45  OrbitOledRopOr          
00000a1b  OrbitOledRopSet         
00000a8d  OrbitOledRopXor         
00001291  OrbitOledSetCharUpdate  
000011d9  OrbitOledSetCursor      
000002cf  OrbitOledSetDrawColor   
00000309  OrbitOledSetDrawMode    
000002f9  OrbitOledSetFillPattern 
00000dd5  OrbitOledUpdate         
0000103d  OrbitSetOled            
00001ced  ResetISR                
UNDEFED   SHT$$INIT_ARRAY$$Base   
UNDEFED   SHT$$INIT_ARRAY$$Limit  
00001d17  SSIBusy                 
00001d25  SSIClockSourceSet       
00001b93  SSIConfigSetExpClk      
00001cd5  SSIDataGet              
00001cf9  SSIDataPut              
00001d03  SSIEnable               
00000e95  Ssi3PutByte             
0000150d  SysCtlClockGet          
00001619  SysCtlClockSet          
00001d2b  SysCtlDelay             
00001bd1  SysCtlPeripheralEnable  
00001971  TimerConfigure          
00001cb9  TimerEnable             
00001d0d  TimerValueGet           
20000544  __STACK_END             
00000200  __STACK_SIZE            
20000544  __STACK_TOP             
000021a0  __TI_CINIT_Base         
000021b0  __TI_CINIT_Limit        
00002188  __TI_Handler_Table_Base 
00002194  __TI_Handler_Table_Limit
00001899  __TI_auto_init          
2000054c  __TI_cleanup_ptr        
00001cc7  __TI_decompress_none    
00001d31  __TI_decompress_rle24   
20000550  __TI_dtors_ptr          
00000000  __TI_static_base__      
00001ce1  __TI_zero_init          
0000181f  __aeabi_memclr          
0000181f  __aeabi_memclr4         
0000181f  __aeabi_memclr8         
00001709  __aeabi_memcpy          
00001709  __aeabi_memcpy4         
00001709  __aeabi_memcpy8         
00001821  __aeabi_memset          
00001821  __aeabi_memset4         
00001821  __aeabi_memset8         
ffffffff  __binit__               
ffffffff  __c_args__              
20000344  __stack                 
00001c49  _args_main              
00001a2d  _c_int00                
20000544  _lock                   
00001c6f  _nop                    
00001c67  _register_lock          
00001c61  _register_unlock        
00001d37  _system_pre_init        
20000548  _unlock                 
00001b15  abort                   
ffffffff  binit                   
20000300  bnOledCur               
20000340  clrOledCur              
00001a7d  copy_in                 
00001087  display_counter         
20000304  dxcoOledFontCur         
20000308  dycoOledFontCur         
00001b1d  exit                    
2000030c  fOledCharUpdate         
00000000  g_pfnVectors            
00000f3d  main                    
20000554  main_func_sp            
00001709  memcpy                  
00001827  memset                  
20000310  modOledCur              
20000314  pbOledCur               
20000318  pbOledFontCur           
2000031c  pbOledFontUser          
20000320  pbOledPatCur            
20000324  pfnDoRop                
00002138  rgbFillPat              
20000000  rgbOledBmp              
00001d3c  rgbOledFont0            
20000200  rgbOledFontUser         
20000328  xchOledCur              
2000032c  xchOledMax              
20000330  xcoOledCur              
20000334  ychOledCur              
20000338  ychOledMax              
2000033c  ycoOledCur              


GLOBAL SYMBOLS: SORTED BY Symbol Address 

address   name                    
-------   ----                    
00000000  __TI_static_base__      
00000000  g_pfnVectors            
00000200  __STACK_SIZE            
0000026d  OrbitOledMoveTo         
000002b3  OrbitOledGetPos         
000002cf  OrbitOledSetDrawColor   
000002e7  OrbitOledGetStdPattern  
000002f9  OrbitOledSetFillPattern 
00000309  OrbitOledSetDrawMode    
0000035d  OrbitOledGetDrawMode    
00000363  OrbitOledDrawPixel      
0000038f  OrbitOledGetPixel       
000003a9  OrbitOledLineTo         
000004a9  OrbitOledDrawRect       
0000052d  OrbitOledFillRect       
00000671  OrbitOledGetBmp         
000007d1  OrbitOledPutBmp         
0000099d  OrbitOledDrawChar       
000009fd  OrbitOledDrawString     
00000a1b  OrbitOledRopSet         
00000a45  OrbitOledRopOr          
00000a69  OrbitOledRopAnd         
00000a8d  OrbitOledRopXor         
00000abd  OrbitOledMoveUp         
00000aef  OrbitOledMoveDown       
00000b29  OrbitOledMoveLeft       
00000b41  OrbitOledMoveRight      
00000b5b  OrbitOledClampXco       
00000b7b  OrbitOledClampYco       
00000bbd  OrbitOledInit           
00000bd1  OrbitOledHostInit       
00000c9b  OrbitOledDvrInit        
00000d15  OrbitOledDevInit        
00000d99  OrbitOledClear          
00000da5  OrbitOledClearBuffer    
00000dd5  OrbitOledUpdate         
00000e2f  OrbitOledPutBuffer      
00000e95  Ssi3PutByte             
00000f3d  main                    
00000f49  DeviceInit              
0000103d  OrbitSetOled            
00001087  display_counter         
000010d3  OLEDprint_uChar         
000011d9  OrbitOledSetCursor      
00001225  OrbitOledGetCursor      
00001241  OrbitOledDefUserChar    
00001291  OrbitOledSetCharUpdate  
000012a9  OrbitOledGetCharUpdate  
000012af  OrbitOledPutChar        
000012cd  OrbitOledPutString      
000012f9  OrbitOledDrawGlyph      
00001371  OrbitOledAdvanceCursor  
000013dd  GPIOPadConfigSet        
0000150d  SysCtlClockGet          
00001619  SysCtlClockSet          
00001709  __aeabi_memcpy          
00001709  __aeabi_memcpy4         
00001709  __aeabi_memcpy8         
00001709  memcpy                  
000017a5  ADCSequenceStepConfigure
0000181f  __aeabi_memclr          
0000181f  __aeabi_memclr4         
0000181f  __aeabi_memclr8         
00001821  __aeabi_memset          
00001821  __aeabi_memset4         
00001821  __aeabi_memset8         
00001827  memset                  
00001899  __TI_auto_init          
00001971  TimerConfigure          
000019d1  DelayInit               
000019eb  DelayMs                 
00001a2d  _c_int00                
00001a7d  copy_in                 
00001ac9  GPIOPinConfigure        
00001b11  C$$EXIT                 
00001b15  abort                   
00001b1d  exit                    
00001b55  ADCSequenceConfigure    
00001b93  SSIConfigSetExpClk      
00001bd1  SysCtlPeripheralEnable  
00001c05  GPIODirModeSet          
00001c2f  GPIOPinTypeGPIOOutput   
00001c49  _args_main              
00001c61  _register_unlock        
00001c67  _register_lock          
00001c6f  _nop                    
00001c75  GPIOPinTypeADC          
00001c87  GPIOPinTypeGPIOInput    
00001c99  GPIOPinTypeSSI          
00001cab  ADCSequenceEnable       
00001cb9  TimerEnable             
00001cc7  __TI_decompress_none    
00001cd5  SSIDataGet              
00001ce1  __TI_zero_init          
00001ced  ResetISR                
00001cf9  SSIDataPut              
00001d03  SSIEnable               
00001d0d  TimerValueGet           
00001d17  SSIBusy                 
00001d1f  GPIOPinWrite            
00001d25  SSIClockSourceSet       
00001d2b  SysCtlDelay             
00001d31  __TI_decompress_rle24   
00001d37  _system_pre_init        
00001d3c  rgbOledFont0            
00002138  rgbFillPat              
00002188  __TI_Handler_Table_Base 
00002194  __TI_Handler_Table_Limit
000021a0  __TI_CINIT_Base         
000021b0  __TI_CINIT_Limit        
20000000  rgbOledBmp              
20000200  rgbOledFontUser         
20000300  bnOledCur               
20000304  dxcoOledFontCur         
20000308  dycoOledFontCur         
2000030c  fOledCharUpdate         
20000310  modOledCur              
20000314  pbOledCur               
20000318  pbOledFontCur           
2000031c  pbOledFontUser          
20000320  pbOledPatCur            
20000324  pfnDoRop                
20000328  xchOledCur              
2000032c  xchOledMax              
20000330  xcoOledCur              
20000334  ychOledCur              
20000338  ychOledMax              
2000033c  ycoOledCur              
20000340  clrOledCur              
20000344  __stack                 
20000544  __STACK_END             
20000544  __STACK_TOP             
20000544  _lock                   
20000548  _unlock                 
2000054c  __TI_cleanup_ptr        
20000550  __TI_dtors_ptr          
20000554  main_func_sp            
ffffffff  __binit__               
ffffffff  __c_args__              
ffffffff  binit                   
UNDEFED   SHT$$INIT_ARRAY$$Base   
UNDEFED   SHT$$INIT_ARRAY$$Limit  

[142 symbols]
